Archive member included because of file (symbol)

/usr/lib/gcc/arm-linux-gnueabi/4.6/libgcc.a(_arm_addsubdf3.o)
                              main.o (__aeabi_f2d)
/usr/lib/gcc/arm-linux-gnueabi/4.6/libgcc.a(_arm_muldivdf3.o)
                              main.o (__aeabi_ddiv)
/usr/lib/gcc/arm-linux-gnueabi/4.6/libgcc.a(_arm_fixdfsi.o)
                              main.o (__aeabi_d2iz)
/usr/lib/gcc/arm-linux-gnueabi/4.6/libgcc.a(_arm_addsubsf3.o)
                              main.o (__aeabi_fsub)
/usr/lib/gcc/arm-linux-gnueabi/4.6/libgcc.a(_arm_muldivsf3.o)
                              main.o (__aeabi_fmul)

Discarded input sections

 .text          0x0000000000000000        0x0 Startup.o
 .data          0x0000000000000000        0x0 Startup.o
 .bss           0x0000000000000000        0x0 Startup.o
 .text          0x0000000000000000        0x0 swi_handler.o
 .data          0x0000000000000000        0x0 swi_handler.o
 .bss           0x0000000000000000        0x0 swi_handler.o
 .text          0x0000000000000000        0x0 main.o
 .data          0x0000000000000000        0x0 main.o
 .bss           0x0000000000000000        0x0 main.o
 .text.delay    0x0000000000000000       0x3c main.o
 .text.rotate   0x0000000000000000       0x4c main.o
 .text.rotate1  0x0000000000000000       0x60 main.o
 .text.four_bit_add
                0x0000000000000000       0x60 main.o
 .text.reflect  0x0000000000000000       0x2c main.o
 .text.blink    0x0000000000000000       0x20 main.o
 .text.bin2gry  0x0000000000000000       0x34 main.o
 .text.labADC   0x0000000000000000       0x9c main.o
 .text.volt_out
                0x0000000000000000       0x90 main.o
 .text.sawtoothDAC
                0x0000000000000000       0x68 main.o
 .rodata        0x0000000000000000       0x2c main.o
 .text.sinDAC   0x0000000000000000      0x1e8 main.o
 .text.triangleDAC
                0x0000000000000000       0x7c main.o
 .text.relay    0x0000000000000000       0x58 main.o
 .text.relay1   0x0000000000000000       0x3c main.o
 .text          0x0000000000000000        0x0 timer.o
 .data          0x0000000000000000        0x0 timer.o
 .bss           0x0000000000000000        0x0 timer.o
 .text.enable_timer
                0x0000000000000000       0x34 timer.o
 .text.disable_timer
                0x0000000000000000       0x34 timer.o
 .text.reset_timer
                0x0000000000000000       0x50 timer.o
 .text          0x0000000000000000      0x370 /usr/lib/gcc/arm-linux-gnueabi/4.6/libgcc.a(_arm_addsubdf3.o)
 .data          0x0000000000000000        0x0 /usr/lib/gcc/arm-linux-gnueabi/4.6/libgcc.a(_arm_addsubdf3.o)
 .bss           0x0000000000000000        0x0 /usr/lib/gcc/arm-linux-gnueabi/4.6/libgcc.a(_arm_addsubdf3.o)
 .note.GNU-stack
                0x0000000000000000        0x0 /usr/lib/gcc/arm-linux-gnueabi/4.6/libgcc.a(_arm_addsubdf3.o)
 .ARM.attributes
                0x0000000000000000       0x23 /usr/lib/gcc/arm-linux-gnueabi/4.6/libgcc.a(_arm_addsubdf3.o)
 .text          0x0000000000000000      0x424 /usr/lib/gcc/arm-linux-gnueabi/4.6/libgcc.a(_arm_muldivdf3.o)
 .data          0x0000000000000000        0x0 /usr/lib/gcc/arm-linux-gnueabi/4.6/libgcc.a(_arm_muldivdf3.o)
 .bss           0x0000000000000000        0x0 /usr/lib/gcc/arm-linux-gnueabi/4.6/libgcc.a(_arm_muldivdf3.o)
 .note.GNU-stack
                0x0000000000000000        0x0 /usr/lib/gcc/arm-linux-gnueabi/4.6/libgcc.a(_arm_muldivdf3.o)
 .ARM.attributes
                0x0000000000000000       0x23 /usr/lib/gcc/arm-linux-gnueabi/4.6/libgcc.a(_arm_muldivdf3.o)
 .text          0x0000000000000000       0x50 /usr/lib/gcc/arm-linux-gnueabi/4.6/libgcc.a(_arm_fixdfsi.o)
 .data          0x0000000000000000        0x0 /usr/lib/gcc/arm-linux-gnueabi/4.6/libgcc.a(_arm_fixdfsi.o)
 .bss           0x0000000000000000        0x0 /usr/lib/gcc/arm-linux-gnueabi/4.6/libgcc.a(_arm_fixdfsi.o)
 .note.GNU-stack
                0x0000000000000000        0x0 /usr/lib/gcc/arm-linux-gnueabi/4.6/libgcc.a(_arm_fixdfsi.o)
 .ARM.attributes
                0x0000000000000000       0x23 /usr/lib/gcc/arm-linux-gnueabi/4.6/libgcc.a(_arm_fixdfsi.o)
 .text          0x0000000000000000      0x21c /usr/lib/gcc/arm-linux-gnueabi/4.6/libgcc.a(_arm_addsubsf3.o)
 .data          0x0000000000000000        0x0 /usr/lib/gcc/arm-linux-gnueabi/4.6/libgcc.a(_arm_addsubsf3.o)
 .bss           0x0000000000000000        0x0 /usr/lib/gcc/arm-linux-gnueabi/4.6/libgcc.a(_arm_addsubsf3.o)
 .note.GNU-stack
                0x0000000000000000        0x0 /usr/lib/gcc/arm-linux-gnueabi/4.6/libgcc.a(_arm_addsubsf3.o)
 .ARM.attributes
                0x0000000000000000       0x23 /usr/lib/gcc/arm-linux-gnueabi/4.6/libgcc.a(_arm_addsubsf3.o)
 .text          0x0000000000000000      0x2a0 /usr/lib/gcc/arm-linux-gnueabi/4.6/libgcc.a(_arm_muldivsf3.o)
 .data          0x0000000000000000        0x0 /usr/lib/gcc/arm-linux-gnueabi/4.6/libgcc.a(_arm_muldivsf3.o)
[...]
Memory Configuration

Name             Origin             Length             Attributes
ROM              0x0000000000000000 0x000000000007f000 xr
RAM              0x0000000040000000 0x0000000000007fe0 rw
*default*        0x0000000000000000 0xffffffffffffffff

Linker script and memory map

LOAD Startup.o
LOAD swi_handler.o
LOAD main.o
LOAD timer.o
LOAD /usr/lib/gcc/arm-linux-gnueabi/4.6/../../../../arm-linux-gnueabi/lib/../lib/libc.so
START GROUP
LOAD /usr/arm-linux-gnueabi/lib/libc.so.6
LOAD /usr/arm-linux-gnueabi/lib/libc_nonshared.a
LOAD /usr/arm-linux-gnueabi/lib/ld-linux.so.3
END GROUP
LOAD /usr/lib/gcc/arm-linux-gnueabi/4.6/../../../../arm-linux-gnueabi/lib/../lib/libm.so
LOAD /usr/lib/gcc/arm-linux-gnueabi/4.6/../../../../arm-linux-gnueabi/lib/../lib/libc.so
START GROUP
LOAD /usr/arm-linux-gnueabi/lib/libc.so.6
LOAD /usr/arm-linux-gnueabi/lib/libc_nonshared.a
LOAD /usr/arm-linux-gnueabi/lib/ld-linux.so.3
END GROUP
LOAD /usr/lib/gcc/arm-linux-gnueabi/4.6/libgcc.a
LOAD /usr/lib/gcc/arm-linux-gnueabi/4.6/libgcc.a
LOAD /usr/lib/gcc/arm-linux-gnueabi/4.6/libgcc_s.so
START GROUP
LOAD /usr/lib/gcc/arm-linux-gnueabi/4.6/libgcc_s.so.1
LOAD /usr/lib/gcc/arm-linux-gnueabi/4.6/libgcc.a
END GROUP
LOAD /usr/lib/gcc/arm-linux-gnueabi/4.6/../../../../arm-linux-gnueabi/lib/../lib/libc.so
START GROUP
LOAD /usr/arm-linux-gnueabi/lib/libc.so.6
LOAD /usr/arm-linux-gnueabi/lib/libc_nonshared.a
LOAD /usr/arm-linux-gnueabi/lib/ld-linux.so.3
END GROUP
LOAD /usr/lib/gcc/arm-linux-gnueabi/4.6/libgcc.a
LOAD /usr/lib/gcc/arm-linux-gnueabi/4.6/libgcc_s.so
START GROUP
LOAD /usr/lib/gcc/arm-linux-gnueabi/4.6/libgcc_s.so.1
LOAD /usr/lib/gcc/arm-linux-gnueabi/4.6/libgcc.a
END GROUP

.note.gnu.build-id
                0x0000000000000000       0x24
 .note.gnu.build-id
                0x0000000000000000       0x24 linker stubs

.text           0x0000000000000024      0x460
 *(.vectorg)
 *(.RESET)
 .RESET         0x0000000000000024      0x164 Startup.o
 *(.SWI_HANDLER)
 .SWI_HANDLER   0x0000000000000188       0x74 swi_handler.o
                0x0000000000000188                SoftwareInterrupt
                0x00000000000001ec                IntEnable
                0x00000000000001f4                IntDisable
                0x00000000000001fc                . = ALIGN (0x4)
 *(.init)
 *(.text .text.*)
 .text.TargetResetInit
                0x00000000000001fc      0x12c main.o
                0x00000000000001fc                TargetResetInit
 .text.main     0x0000000000000328       0x70 main.o
                0x0000000000000328                main
 .text.install_irq
                0x0000000000000398       0x70 timer.o
                0x0000000000000398                install_irq
 .text.Timer0Handler
                0x0000000000000408       0x30 timer.o
                0x0000000000000408                Timer0Handler
 .text.init_timer
                0x0000000000000438       0x4c timer.o
                0x0000000000000438                init_timer
 *(.gnu.linkonce.t.*)
 *(.glue_7)
 .glue_7        0x0000000000000000        0x0 linker stubs
 *(.glue_7t)
 .glue_7t       0x0000000000000000        0x0 linker stubs
 *(.gcc_except_table)
 *(.rodata)
 *(.rodata*)
 *(.gnu.linkonce.r.*)
                0x0000000000000484                . = ALIGN (0x4)

.interp         0x0000000000000484       0x13
 .interp        0x0000000000000484       0x13 Startup.o

.gnu.version_d  0x0000000000000498        0x0
 .gnu.version_d
                0x0000000000000000        0x0 Startup.o

.gnu.version    0x0000000000000498        0x0
 .gnu.version   0x0000000000000000        0x0 Startup.o

.gnu.version_r  0x0000000000000498        0x0
 .gnu.version_r
                0x0000000000000000        0x0 Startup.o

.dynsym         0x0000000000000498        0x0
 .dynsym        0x0000000000000498        0x0 Startup.o

.dynstr         0x0000000000000498        0xb
 .dynstr        0x0000000000000498        0xb Startup.o

.gnu.hash       0x00000000000004a4       0x18
 .gnu.hash      0x00000000000004a4       0x18 Startup.o

.eh_frame_hdr   0x00000000000004bc        0x0
 .eh_frame_hdr  0x0000000000000000        0x0 /usr/lib/gcc/arm-linux-gnueabi/4.6/libgcc_s.so.1

.vfp11_veneer   0x00000000000004bc        0x0
 .vfp11_veneer  0x0000000000000000        0x0 linker stubs

.v4_bx          0x00000000000004bc        0x0
 .v4_bx         0x0000000000000000        0x0 linker stubs

.iplt           0x00000000000004bc        0x0
 .iplt          0x0000000000000000        0x0 Startup.o

.plt            0x00000000000004bc        0x0
 .plt           0x0000000000000000        0x0 Startup.o

.rel.dyn        0x00000000000004bc        0x0
 .rel.iplt      0x0000000000000000        0x0 Startup.o
 .rel.got       0x0000000000000000        0x0 Startup.o
 .rel.plt       0x0000000000000000        0x0 Startup.o
 .rel.bss       0x0000000000000000        0x0 Startup.o
                0x00000000000004bc                . = ALIGN (0x4)

.ctors          0x00000000000004bc        0x0
                0x00000000000004bc                PROVIDE (__ctors_start__, .)
 *(SORT(.ctors.*))
 *(.ctors)
                0x00000000000004bc                . = ALIGN (0x4)
                0x00000000000004bc                PROVIDE (__ctors_end__, .)
                0x00000000000004bc                . = ALIGN (0x4)

.dtors          0x00000000000004bc        0x0
                0x00000000000004bc                PROVIDE (__dtors_start__, .)
 *(SORT(.dtors.*))
 *(.dtors)
                0x00000000000004bc                . = ALIGN (0x4)
                0x00000000000004bc                PROVIDE (__dtors_end__, .)
                0x00000000000004bc                . = ALIGN (0x4)
                0x00000000000004bc                . = ALIGN (0x4)
                0x00000000000004bc                _etext = .
                0x00000000000004bc                PROVIDE (etext, .)

.data           0x0000000040000000        0x0 load address 0x00000000000004bc
                0x0000000040000000                _data = .
 *(.vectmapped)
                0x0000000040000000                . = ALIGN (0x4)
 *(.fastrun)
                0x0000000040000000                . = ALIGN (0x4)
                0x0000000040000000                . = ALIGN (0x4)
 *(.data)
 *(.data.*)
 *(.gnu.linkonce.d*)
                0x0000000040000000                . = ALIGN (0x4)

.igot.plt       0x0000000040000000        0x0
 .igot.plt      0x0000000000000000        0x0 Startup.o

.dynamic        0x0000000040000000       0x68
 .dynamic       0x0000000040000000       0x68 Startup.o
                0x0000000040000000                _DYNAMIC

.got            0x0000000040000068        0x0
 .got           0x0000000000000000        0x0 Startup.o

.got.plt        0x0000000040000068        0xc
 .got.plt       0x0000000040000068        0xc Startup.o
                0x0000000040000068                _GLOBAL_OFFSET_TABLE_
                0x0000000040000074                . = ALIGN (0x4)
                0x0000000040000074                _edata = .
                0x0000000040000074                PROVIDE (edata, .)

.bss            0x0000000040000074        0x4
                0x0000000040000074                __bss_start = .
                0x0000000040000074                __bss_start__ = .
 *(.bss)
 *(.bss.*)
 .bss.timer_counter
                0x0000000040000074        0x4 timer.o
                0x0000000040000074                timer_counter
 *(.gnu.linkonce.b*)
 *(COMMON)
                0x0000000040000078                . = ALIGN (0x4)
                0x0000000040000078                . = ALIGN (0x4)
                0x0000000040000078                __bss_end__ = .
                0x0000000040000078                PROVIDE (__bss_end, .)

.dynbss         0x0000000040000078        0x0
 .dynbss        0x0000000000000000        0x0 Startup.o

.stack          0x0000000040000100      0x400
 *(.stack)
 *(.STACK)
 .STACK         0x0000000040000100      0x400 Startup.o
                0x0000000040000500                PROVIDE (_stack, .)
                0x0000000040000500                . = ALIGN (0x4)
                0x0000000040000500                _end = .
                0x0000000040000500                PROVIDE (end, .)

.heap           0x0000000040000078        0x0
 *(.HEAP)
 .HEAP          0x0000000040000078        0x0 Startup.o
                0x0000000040000078                . = ALIGN (0x4)

.stab
 *(.stab)

.stabstr
 *(.stabstr)

.stab.excl
 *(.stab.excl)

.stab.exclstr
 *(.stab.exclstr)

.stab.index
 *(.stab.index)

.stab.indexstr
 *(.stab.indexstr)

.comment        0x0000000000000000       0x2a
 *(.comment)
 .comment       0x0000000000000000       0x2a main.o
                                         0x2b (size before relaxing)
 .comment       0x0000000000000000       0x2b timer.o

.ARM.attributes
                0x0000000000000000       0x31
 .ARM.attributes
                0x0000000000000000       0x26 Startup.o
 .ARM.attributes
                0x0000000000000026       0x26 swi_handler.o
 .ARM.attributes
                0x000000000000004c       0x38 main.o
 .ARM.attributes
                0x0000000000000084       0x38 timer.o

.note.GNU-stack
                0x0000000000000000        0x0
 .note.GNU-stack
                0x0000000000000000        0x0 main.o
 .note.GNU-stack
                0x0000000000000000        0x0 timer.o

.debug
 *(.debug)

.line
 *(.line)

.debug_srcinfo
 *(.debug_srcinfo)

.debug_sfnames
 *(.debug_sfnames)

.debug_aranges  0x0000000000000000      0x120
 *(.debug_aranges)
 .debug_aranges
                0x0000000000000000       0x20 Startup.o
 .debug_aranges
                0x0000000000000020       0x20 swi_handler.o
 .debug_aranges
                0x0000000000000040       0x98 main.o
 .debug_aranges
                0x00000000000000d8       0x48 timer.o

.debug_pubnames
 *(.debug_pubnames)

.debug_info     0x0000000000000000      0x548
 *(.debug_info .gnu.linkonce.wi.*)
 .debug_info    0x0000000000000000       0x50 Startup.o
 .debug_info    0x0000000000000050       0x54 swi_handler.o
 .debug_info    0x00000000000000a4      0x322 main.o
 .debug_info    0x00000000000003c6      0x182 timer.o

.debug_abbrev   0x0000000000000000      0x1f1
 *(.debug_abbrev)
 .debug_abbrev  0x0000000000000000       0x14 Startup.o
 .debug_abbrev  0x0000000000000014       0x14 swi_handler.o
 .debug_abbrev  0x0000000000000028      0x112 main.o
 .debug_abbrev  0x000000000000013a       0xb7 timer.o

.debug_line     0x0000000000000000      0x4ab
 *(.debug_line)
 .debug_line    0x0000000000000000       0x9e Startup.o
 .debug_line    0x000000000000009e       0x5b swi_handler.o
 .debug_line    0x00000000000000f9      0x306 main.o
 .debug_line    0x00000000000003ff       0xac timer.o

.debug_frame    0x0000000000000000      0x2d0
 *(.debug_frame)
 .debug_frame   0x0000000000000000      0x204 main.o
 .debug_frame   0x0000000000000204       0xcc timer.o

.debug_str      0x0000000000000000      0x1ca
 *(.debug_str)
 .debug_str     0x0000000000000000      0x11c main.o
 .debug_str     0x000000000000011c       0xae timer.o
                                         0xe5 (size before relaxing)

.debug_loc      0x0000000000000000      0x48a
 *(.debug_loc)
 .debug_loc     0x0000000000000000      0x346 main.o
 .debug_loc     0x0000000000000346      0x144 timer.o

.debug_macinfo
 *(.debug_macinfo)

.debug_weaknames
 *(.debug_weaknames)

.debug_funcnames
 *(.debug_funcnames)

.debug_typenames
 *(.debug_typenames)

.debug_varnames
 *(.debug_varnames)
OUTPUT(main.elf elf32-littlearm)

.debug_ranges   0x0000000000000000       0xc0
 .debug_ranges  0x0000000000000000       0x88 main.o
 .debug_ranges  0x0000000000000088       0x38 timer.o

Cross Reference Table

Symbol                                            File
GLIBC_2.10                                        /usr/arm-linux-gnueabi/lib/libc.so.6
GLIBC_2.11                                        /usr/arm-linux-gnueabi/lib/libc.so.6
GLIBC_2.12                                        /usr/arm-linux-gnueabi/lib/libc.so.6
GLIBC_2.13                                        /usr/arm-linux-gnueabi/lib/libc.so.6
GLIBC_2.14                                        /usr/arm-linux-gnueabi/lib/libc.so.6
GLIBC_2.15                                        /usr/arm-linux-gnueabi/lib/libc.so.6
GLIBC_2.4                                         /usr/arm-linux-gnueabi/lib/libc.so.6
                                                  /usr/arm-linux-gnueabi/lib/ld-linux.so.3
GLIBC_2.5                                         /usr/arm-linux-gnueabi/lib/libc.so.6
GLIBC_2.6                                         /usr/arm-linux-gnueabi/lib/libc.so.6
GLIBC_2.7                                         /usr/arm-linux-gnueabi/lib/libc.so.6
GLIBC_2.8                                         /usr/arm-linux-gnueabi/lib/libc.so.6
GLIBC_2.9                                         /usr/arm-linux-gnueabi/lib/libc.so.6
GLIBC_PRIVATE                                     /usr/arm-linux-gnueabi/lib/libc.so.6
                                                  /usr/arm-linux-gnueabi/lib/ld-linux.so.3
IntDisable                                        swi_handler.o
IntEnable                                         swi_handler.o
Reset_handler                                     Startup.o
SoftwareInterrupt                                 swi_handler.o
                                                  Startup.o
TargetResetInit                                   main.o
                                                  Startup.o
Timer0Handler                                     timer.o
_DYNAMIC                                          Startup.o
_Exit                                             /usr/arm-linux-gnueabi/lib/libc.so.6
_Exit@@GLIBC_2.4                                  /usr/arm-linux-gnueabi/lib/libc.so.6
_Exit@GLIBC_2.4                                   /usr/arm-linux-gnueabi/lib/libc.so.6
_GLOBAL_OFFSET_TABLE_                             Startup.o
_IO_fprintf                                       /usr/arm-linux-gnueabi/lib/libc.so.6
_IO_fprintf@@GLIBC_2.4                            /usr/arm-linux-gnueabi/lib/libc.so.6
_IO_fprintf@GLIBC_2.4                             /usr/arm-linux-gnueabi/lib/libc.so.6
__adddf3                                          /usr/lib/gcc/arm-linux-gnueabi/4.6/libgcc.a(_arm_addsubdf3.o)
__addsf3                                          /usr/lib/gcc/arm-linux-gnueabi/4.6/libgcc.a(_arm_addsubsf3.o)
__aeabi_d2iz                                      /usr/lib/gcc/arm-linux-gnueabi/4.6/libgcc.a(_arm_fixdfsi.o)
                                                  main.o
__aeabi_dadd                                      /usr/lib/gcc/arm-linux-gnueabi/4.6/libgcc.a(_arm_addsubdf3.o)
__aeabi_ddiv                                      /usr/lib/gcc/arm-linux-gnueabi/4.6/libgcc.a(_arm_muldivdf3.o)
                                                  main.o
__aeabi_dmul                                      /usr/lib/gcc/arm-linux-gnueabi/4.6/libgcc.a(_arm_muldivdf3.o)
__aeabi_drsub                                     /usr/lib/gcc/arm-linux-gnueabi/4.6/libgcc.a(_arm_addsubdf3.o)
__aeabi_dsub                                      /usr/lib/gcc/arm-linux-gnueabi/4.6/libgcc.a(_arm_addsubdf3.o)
__aeabi_f2d                                       /usr/lib/gcc/arm-linux-gnueabi/4.6/libgcc.a(_arm_addsubdf3.o)
                                                  main.o
__aeabi_fadd                                      /usr/lib/gcc/arm-linux-gnueabi/4.6/libgcc.a(_arm_addsubsf3.o)
                                                  main.o
__aeabi_fdiv                                      /usr/lib/gcc/arm-linux-gnueabi/4.6/libgcc.a(_arm_muldivsf3.o)
__aeabi_fmul                                      /usr/lib/gcc/arm-linux-gnueabi/4.6/libgcc.a(_arm_muldivsf3.o)
                                                  main.o
__aeabi_frsub                                     /usr/lib/gcc/arm-linux-gnueabi/4.6/libgcc.a(_arm_addsubsf3.o)
__aeabi_fsub                                      /usr/lib/gcc/arm-linux-gnueabi/4.6/libgcc.a(_arm_addsubsf3.o)
                                                  main.o
__aeabi_i2d                                       /usr/lib/gcc/arm-linux-gnueabi/4.6/libgcc.a(_arm_addsubdf3.o)
__aeabi_i2f                                       /usr/lib/gcc/arm-linux-gnueabi/4.6/libgcc.a(_arm_addsubsf3.o)
__aeabi_l2d                                       /usr/lib/gcc/arm-linux-gnueabi/4.6/libgcc.a(_arm_addsubdf3.o)
__aeabi_l2f                                       /usr/lib/gcc/arm-linux-gnueabi/4.6/libgcc.a(_arm_addsubsf3.o)
__aeabi_ui2d                                      /usr/lib/gcc/arm-linux-gnueabi/4.6/libgcc.a(_arm_addsubdf3.o)
__aeabi_ui2f                                      /usr/lib/gcc/arm-linux-gnueabi/4.6/libgcc.a(_arm_addsubsf3.o)
__aeabi_ul2d                                      /usr/lib/gcc/arm-linux-gnueabi/4.6/libgcc.a(_arm_addsubdf3.o)
__aeabi_ul2f                                      /usr/lib/gcc/arm-linux-gnueabi/4.6/libgcc.a(_arm_addsubsf3.o)
__after_morecore_hook                             /usr/arm-linux-gnueabi/lib/libc.so.6
__after_morecore_hook@@GLIBC_2.4                  /usr/arm-linux-gnueabi/lib/libc.so.6
__after_morecore_hook@GLIBC_2.4                   /usr/arm-linux-gnueabi/lib/libc.so.6
__bss_end__                                       Startup.o
__bss_start__                                     Startup.o
__close                                           /usr/arm-linux-gnueabi/lib/libc.so.6
__close@@GLIBC_2.4                                /usr/arm-linux-gnueabi/lib/libc.so.6
__close@GLIBC_2.4                                 /usr/arm-linux-gnueabi/lib/libc.so.6
__connect                                         /usr/arm-linux-gnueabi/lib/libc.so.6
__connect@@GLIBC_2.4                              /usr/arm-linux-gnueabi/lib/libc.so.6
__connect@GLIBC_2.4                               /usr/arm-linux-gnueabi/lib/libc.so.6
__ctype_get_mb_cur_max                            /usr/arm-linux-gnueabi/lib/libc.so.6
__ctype_get_mb_cur_max@@GLIBC_2.4                 /usr/arm-linux-gnueabi/lib/libc.so.6
__ctype_get_mb_cur_max@GLIBC_2.4                  /usr/arm-linux-gnueabi/lib/libc.so.6
__divdf3                                          /usr/lib/gcc/arm-linux-gnueabi/4.6/libgcc.a(_arm_muldivdf3.o)
__divsf3                                          /usr/lib/gcc/arm-linux-gnueabi/4.6/libgcc.a(_arm_muldivsf3.o)
__extendsfdf2                                     /usr/lib/gcc/arm-linux-gnueabi/4.6/libgcc.a(_arm_addsubdf3.o)
__fcntl                                           /usr/arm-linux-gnueabi/lib/libc.so.6
__fcntl@@GLIBC_2.4                                /usr/arm-linux-gnueabi/lib/libc.so.6
__fcntl@GLIBC_2.4                                 /usr/arm-linux-gnueabi/lib/libc.so.6
__fixdfsi                                         /usr/lib/gcc/arm-linux-gnueabi/4.6/libgcc.a(_arm_fixdfsi.o)
__floatdidf                                       /usr/lib/gcc/arm-linux-gnueabi/4.6/libgcc.a(_arm_addsubdf3.o)
__floatdisf                                       /usr/lib/gcc/arm-linux-gnueabi/4.6/libgcc.a(_arm_addsubsf3.o)
__floatsidf                                       /usr/lib/gcc/arm-linux-gnueabi/4.6/libgcc.a(_arm_addsubdf3.o)
__floatsisf                                       /usr/lib/gcc/arm-linux-gnueabi/4.6/libgcc.a(_arm_addsubsf3.o)
__floatundidf                                     /usr/lib/gcc/arm-linux-gnueabi/4.6/libgcc.a(_arm_addsubdf3.o)
__floatundisf                                     /usr/lib/gcc/arm-linux-gnueabi/4.6/libgcc.a(_arm_addsubsf3.o)
__floatunsidf                                     /usr/lib/gcc/arm-linux-gnueabi/4.6/libgcc.a(_arm_addsubdf3.o)
__floatunsisf                                     /usr/lib/gcc/arm-linux-gnueabi/4.6/libgcc.a(_arm_addsubsf3.o)
__free_hook                                       /usr/arm-linux-gnueabi/lib/libc.so.6
__free_hook@@GLIBC_2.4                            /usr/arm-linux-gnueabi/lib/libc.so.6
__free_hook@GLIBC_2.4                             /usr/arm-linux-gnueabi/lib/libc.so.6
__getdelim                                        /usr/arm-linux-gnueabi/lib/libc.so.6
__getdelim@@GLIBC_2.4                             /usr/arm-linux-gnueabi/lib/libc.so.6
__getdelim@GLIBC_2.4                              /usr/arm-linux-gnueabi/lib/libc.so.6
__isascii_l                                       /usr/arm-linux-gnueabi/lib/libc.so.6
__isascii_l@@GLIBC_2.4                            /usr/arm-linux-gnueabi/lib/libc.so.6
__isascii_l@GLIBC_2.4                             /usr/arm-linux-gnueabi/lib/libc.so.6
__lseek                                           /usr/arm-linux-gnueabi/lib/libc.so.6
__lseek@@GLIBC_2.4                                /usr/arm-linux-gnueabi/lib/libc.so.6
__lseek@GLIBC_2.4                                 /usr/arm-linux-gnueabi/lib/libc.so.6
__malloc_hook                                     /usr/arm-linux-gnueabi/lib/libc.so.6
__malloc_hook@@GLIBC_2.4                          /usr/arm-linux-gnueabi/lib/libc.so.6
__malloc_hook@GLIBC_2.4                           /usr/arm-linux-gnueabi/lib/libc.so.6
__malloc_initialize_hook                          /usr/arm-linux-gnueabi/lib/libc.so.6
__malloc_initialize_hook@@GLIBC_2.4               /usr/arm-linux-gnueabi/lib/libc.so.6
__malloc_initialize_hook@GLIBC_2.4                /usr/arm-linux-gnueabi/lib/libc.so.6
__memalign_hook                                   /usr/arm-linux-gnueabi/lib/libc.so.6
__memalign_hook@@GLIBC_2.4                        /usr/arm-linux-gnueabi/lib/libc.so.6
__memalign_hook@GLIBC_2.4                         /usr/arm-linux-gnueabi/lib/libc.so.6
__muldf3                                          /usr/lib/gcc/arm-linux-gnueabi/4.6/libgcc.a(_arm_muldivdf3.o)
__mulsf3                                          /usr/lib/gcc/arm-linux-gnueabi/4.6/libgcc.a(_arm_muldivsf3.o)
__nanosleep                                       /usr/arm-linux-gnueabi/lib/libc.so.6
__nanosleep@@GLIBC_2.4                            /usr/arm-linux-gnueabi/lib/libc.so.6
__nanosleep@GLIBC_2.4                             /usr/arm-linux-gnueabi/lib/libc.so.6
__open                                            /usr/arm-linux-gnueabi/lib/libc.so.6
__open64                                          /usr/arm-linux-gnueabi/lib/libc.so.6
__open64@@GLIBC_2.4                               /usr/arm-linux-gnueabi/lib/libc.so.6
__open64@GLIBC_2.4                                /usr/arm-linux-gnueabi/lib/libc.so.6
__open@@GLIBC_2.4                                 /usr/arm-linux-gnueabi/lib/libc.so.6
__open@GLIBC_2.4                                  /usr/arm-linux-gnueabi/lib/libc.so.6
__pread64                                         /usr/arm-linux-gnueabi/lib/libc.so.6
__pread64@@GLIBC_2.4                              /usr/arm-linux-gnueabi/lib/libc.so.6
__pread64@GLIBC_2.4                               /usr/arm-linux-gnueabi/lib/libc.so.6
__pwrite64                                        /usr/arm-linux-gnueabi/lib/libc.so.6
__pwrite64@@GLIBC_2.4                             /usr/arm-linux-gnueabi/lib/libc.so.6
__pwrite64@GLIBC_2.4                              /usr/arm-linux-gnueabi/lib/libc.so.6
__read                                            /usr/arm-linux-gnueabi/lib/libc.so.6
__read@@GLIBC_2.4                                 /usr/arm-linux-gnueabi/lib/libc.so.6
__read@GLIBC_2.4                                  /usr/arm-linux-gnueabi/lib/libc.so.6
__realloc_hook                                    /usr/arm-linux-gnueabi/lib/libc.so.6
__realloc_hook@@GLIBC_2.4                         /usr/arm-linux-gnueabi/lib/libc.so.6
__realloc_hook@GLIBC_2.4                          /usr/arm-linux-gnueabi/lib/libc.so.6
__send                                            /usr/arm-linux-gnueabi/lib/libc.so.6
__send@@GLIBC_2.4                                 /usr/arm-linux-gnueabi/lib/libc.so.6
__send@GLIBC_2.4                                  /usr/arm-linux-gnueabi/lib/libc.so.6
__sigaction                                       /usr/arm-linux-gnueabi/lib/libc.so.6
__sigaction@@GLIBC_2.4                            /usr/arm-linux-gnueabi/lib/libc.so.6
__sigaction@GLIBC_2.4                             /usr/arm-linux-gnueabi/lib/libc.so.6
__subdf3                                          /usr/lib/gcc/arm-linux-gnueabi/4.6/libgcc.a(_arm_addsubdf3.o)
__subsf3                                          /usr/lib/gcc/arm-linux-gnueabi/4.6/libgcc.a(_arm_addsubsf3.o)
__toascii_l                                       /usr/arm-linux-gnueabi/lib/libc.so.6
__toascii_l@@GLIBC_2.4                            /usr/arm-linux-gnueabi/lib/libc.so.6
__toascii_l@GLIBC_2.4                             /usr/arm-linux-gnueabi/lib/libc.so.6
__vsnprintf                                       /usr/arm-linux-gnueabi/lib/libc.so.6
__vsnprintf@@GLIBC_2.4                            /usr/arm-linux-gnueabi/lib/libc.so.6
__vsnprintf@GLIBC_2.4                             /usr/arm-linux-gnueabi/lib/libc.so.6
__vsscanf                                         /usr/arm-linux-gnueabi/lib/libc.so.6
__vsscanf@@GLIBC_2.4                              /usr/arm-linux-gnueabi/lib/libc.so.6
__vsscanf@GLIBC_2.4                               /usr/arm-linux-gnueabi/lib/libc.so.6
__wait                                            /usr/arm-linux-gnueabi/lib/libc.so.6
__wait@@GLIBC_2.4                                 /usr/arm-linux-gnueabi/lib/libc.so.6
__wait@GLIBC_2.4                                  /usr/arm-linux-gnueabi/lib/libc.so.6
__waitpid                                         /usr/arm-linux-gnueabi/lib/libc.so.6
__waitpid@@GLIBC_2.4                              /usr/arm-linux-gnueabi/lib/libc.so.6
__waitpid@GLIBC_2.4                               /usr/arm-linux-gnueabi/lib/libc.so.6
__write                                           /usr/arm-linux-gnueabi/lib/libc.so.6
__write@@GLIBC_2.4                                /usr/arm-linux-gnueabi/lib/libc.so.6
__write@GLIBC_2.4                                 /usr/arm-linux-gnueabi/lib/libc.so.6
__xpg_sigpause                                    /usr/arm-linux-gnueabi/lib/libc.so.6
__xpg_sigpause@@GLIBC_2.4                         /usr/arm-linux-gnueabi/lib/libc.so.6
__xpg_sigpause@GLIBC_2.4                          /usr/arm-linux-gnueabi/lib/libc.so.6
_data                                             Startup.o
_dl_starting_up                                   /usr/arm-linux-gnueabi/lib/libc.so.6
_edata                                            Startup.o
_environ                                          /usr/arm-linux-gnueabi/lib/libc.so.6
_environ@@GLIBC_2.4                               /usr/arm-linux-gnueabi/lib/libc.so.6
_environ@GLIBC_2.4                                /usr/arm-linux-gnueabi/lib/libc.so.6
_etext                                            Startup.o
_flushlbf                                         /usr/arm-linux-gnueabi/lib/libc.so.6
_flushlbf@@GLIBC_2.4                              /usr/arm-linux-gnueabi/lib/libc.so.6
_flushlbf@GLIBC_2.4                               /usr/arm-linux-gnueabi/lib/libc.so.6
_longjmp                                          /usr/arm-linux-gnueabi/lib/libc.so.6
_longjmp@@GLIBC_2.4                               /usr/arm-linux-gnueabi/lib/libc.so.6
_longjmp@GLIBC_2.4                                /usr/arm-linux-gnueabi/lib/libc.so.6
accept                                            /usr/arm-linux-gnueabi/lib/libc.so.6
accept@@GLIBC_2.4                                 /usr/arm-linux-gnueabi/lib/libc.so.6
accept@GLIBC_2.4                                  /usr/arm-linux-gnueabi/lib/libc.so.6
access                                            /usr/arm-linux-gnueabi/lib/libc.so.6
access@@GLIBC_2.4                                 /usr/arm-linux-gnueabi/lib/libc.so.6
access@GLIBC_2.4                                  /usr/arm-linux-gnueabi/lib/libc.so.6
addmntent                                         /usr/arm-linux-gnueabi/lib/libc.so.6
addmntent@@GLIBC_2.4                              /usr/arm-linux-gnueabi/lib/libc.so.6
addmntent@GLIBC_2.4                               /usr/arm-linux-gnueabi/lib/libc.so.6
adjtime                                           /usr/arm-linux-gnueabi/lib/libc.so.6
adjtime@@GLIBC_2.4                                /usr/arm-linux-gnueabi/lib/libc.so.6
adjtime@GLIBC_2.4                                 /usr/arm-linux-gnueabi/lib/libc.so.6
adjtimex                                          /usr/arm-linux-gnueabi/lib/libc.so.6
adjtimex@@GLIBC_2.4                               /usr/arm-linux-gnueabi/lib/libc.so.6
adjtimex@GLIBC_2.4                                /usr/arm-linux-gnueabi/lib/libc.so.6
advance                                           /usr/arm-linux-gnueabi/lib/libc.so.6
advance@@GLIBC_2.4                                /usr/arm-linux-gnueabi/lib/libc.so.6
advance@GLIBC_2.4                                 /usr/arm-linux-gnueabi/lib/libc.so.6
argp_error                                        /usr/arm-linux-gnueabi/lib/libc.so.6
argp_error@@GLIBC_2.4                             /usr/arm-linux-gnueabi/lib/libc.so.6
argp_error@GLIBC_2.4                              /usr/arm-linux-gnueabi/lib/libc.so.6
argp_failure                                      /usr/arm-linux-gnueabi/lib/libc.so.6
argp_failure@@GLIBC_2.4                           /usr/arm-linux-gnueabi/lib/libc.so.6
argp_failure@GLIBC_2.4                            /usr/arm-linux-gnueabi/lib/libc.so.6
argp_help                                         /usr/arm-linux-gnueabi/lib/libc.so.6
argp_help@@GLIBC_2.4                              /usr/arm-linux-gnueabi/lib/libc.so.6
argp_help@GLIBC_2.4                               /usr/arm-linux-gnueabi/lib/libc.so.6
argp_parse                                        /usr/arm-linux-gnueabi/lib/libc.so.6
argp_parse@@GLIBC_2.4                             /usr/arm-linux-gnueabi/lib/libc.so.6
argp_parse@GLIBC_2.4                              /usr/arm-linux-gnueabi/lib/libc.so.6
argp_state_help                                   /usr/arm-linux-gnueabi/lib/libc.so.6
argp_state_help@@GLIBC_2.4                        /usr/arm-linux-gnueabi/lib/libc.so.6
argp_state_help@GLIBC_2.4                         /usr/arm-linux-gnueabi/lib/libc.so.6
argp_usage                                        /usr/arm-linux-gnueabi/lib/libc.so.6
argp_usage@@GLIBC_2.4                             /usr/arm-linux-gnueabi/lib/libc.so.6
argp_usage@GLIBC_2.4                              /usr/arm-linux-gnueabi/lib/libc.so.6
argz_add                                          /usr/arm-linux-gnueabi/lib/libc.so.6
argz_add@@GLIBC_2.4                               /usr/arm-linux-gnueabi/lib/libc.so.6
argz_add@GLIBC_2.4                                /usr/arm-linux-gnueabi/lib/libc.so.6
argz_add_sep                                      /usr/arm-linux-gnueabi/lib/libc.so.6
argz_add_sep@@GLIBC_2.4                           /usr/arm-linux-gnueabi/lib/libc.so.6
argz_add_sep@GLIBC_2.4                            /usr/arm-linux-gnueabi/lib/libc.so.6
argz_append                                       /usr/arm-linux-gnueabi/lib/libc.so.6
argz_append@@GLIBC_2.4                            /usr/arm-linux-gnueabi/lib/libc.so.6
argz_append@GLIBC_2.4                             /usr/arm-linux-gnueabi/lib/libc.so.6
argz_count                                        /usr/arm-linux-gnueabi/lib/libc.so.6
argz_count@@GLIBC_2.4                             /usr/arm-linux-gnueabi/lib/libc.so.6
argz_count@GLIBC_2.4                              /usr/arm-linux-gnueabi/lib/libc.so.6
argz_create                                       /usr/arm-linux-gnueabi/lib/libc.so.6
argz_create@@GLIBC_2.4                            /usr/arm-linux-gnueabi/lib/libc.so.6
argz_create@GLIBC_2.4                             /usr/arm-linux-gnueabi/lib/libc.so.6
argz_create_sep                                   /usr/arm-linux-gnueabi/lib/libc.so.6
argz_create_sep@@GLIBC_2.4                        /usr/arm-linux-gnueabi/lib/libc.so.6
argz_create_sep@GLIBC_2.4                         /usr/arm-linux-gnueabi/lib/libc.so.6
argz_extract                                      /usr/arm-linux-gnueabi/lib/libc.so.6
argz_extract@@GLIBC_2.4                           /usr/arm-linux-gnueabi/lib/libc.so.6
argz_extract@GLIBC_2.4                            /usr/arm-linux-gnueabi/lib/libc.so.6
argz_insert                                       /usr/arm-linux-gnueabi/lib/libc.so.6
argz_insert@@GLIBC_2.4                            /usr/arm-linux-gnueabi/lib/libc.so.6
argz_insert@GLIBC_2.4                             /usr/arm-linux-gnueabi/lib/libc.so.6
argz_next                                         /usr/arm-linux-gnueabi/lib/libc.so.6
argz_next@@GLIBC_2.4                              /usr/arm-linux-gnueabi/lib/libc.so.6
argz_next@GLIBC_2.4                               /usr/arm-linux-gnueabi/lib/libc.so.6
argz_replace                                      /usr/arm-linux-gnueabi/lib/libc.so.6
argz_replace@@GLIBC_2.4                           /usr/arm-linux-gnueabi/lib/libc.so.6
argz_replace@GLIBC_2.4                            /usr/arm-linux-gnueabi/lib/libc.so.6
argz_stringify                                    /usr/arm-linux-gnueabi/lib/libc.so.6
argz_stringify@@GLIBC_2.4                         /usr/arm-linux-gnueabi/lib/libc.so.6
argz_stringify@GLIBC_2.4                          /usr/arm-linux-gnueabi/lib/libc.so.6
asctime_r                                         /usr/arm-linux-gnueabi/lib/libc.so.6
asctime_r@@GLIBC_2.4                              /usr/arm-linux-gnueabi/lib/libc.so.6
asctime_r@GLIBC_2.4                               /usr/arm-linux-gnueabi/lib/libc.so.6
asprintf                                          /usr/arm-linux-gnueabi/lib/libc.so.6
asprintf@@GLIBC_2.4                               /usr/arm-linux-gnueabi/lib/libc.so.6
asprintf@GLIBC_2.4                                /usr/arm-linux-gnueabi/lib/libc.so.6
backtrace                                         /usr/arm-linux-gnueabi/lib/libc.so.6
backtrace@@GLIBC_2.4                              /usr/arm-linux-gnueabi/lib/libc.so.6
backtrace@GLIBC_2.4                               /usr/arm-linux-gnueabi/lib/libc.so.6
backtrace_symbols                                 /usr/arm-linux-gnueabi/lib/libc.so.6
backtrace_symbols@@GLIBC_2.4                      /usr/arm-linux-gnueabi/lib/libc.so.6
backtrace_symbols@GLIBC_2.4                       /usr/arm-linux-gnueabi/lib/libc.so.6
backtrace_symbols_fd                              /usr/arm-linux-gnueabi/lib/libc.so.6
backtrace_symbols_fd@@GLIBC_2.4                   /usr/arm-linux-gnueabi/lib/libc.so.6
backtrace_symbols_fd@GLIBC_2.4                    /usr/arm-linux-gnueabi/lib/libc.so.6
bcmp                                              /usr/arm-linux-gnueabi/lib/libc.so.6
bcmp@@GLIBC_2.4                                   /usr/arm-linux-gnueabi/lib/libc.so.6
bcmp@GLIBC_2.4                                    /usr/arm-linux-gnueabi/lib/libc.so.6
bin2gry                                           main.o
bind                                              /usr/arm-linux-gnueabi/lib/libc.so.6
bind@@GLIBC_2.4                                   /usr/arm-linux-gnueabi/lib/libc.so.6
bind@GLIBC_2.4                                    /usr/arm-linux-gnueabi/lib/libc.so.6
bind_textdomain_codeset                           /usr/arm-linux-gnueabi/lib/libc.so.6
bind_textdomain_codeset@@GLIBC_2.4                /usr/arm-linux-gnueabi/lib/libc.so.6
bind_textdomain_codeset@GLIBC_2.4                 /usr/arm-linux-gnueabi/lib/libc.so.6
bindtextdomain                                    /usr/arm-linux-gnueabi/lib/libc.so.6
bindtextdomain@@GLIBC_2.4                         /usr/arm-linux-gnueabi/lib/libc.so.6
bindtextdomain@GLIBC_2.4                          /usr/arm-linux-gnueabi/lib/libc.so.6
blink                                             main.o
brk                                               /usr/arm-linux-gnueabi/lib/libc.so.6
brk@@GLIBC_2.4                                    /usr/arm-linux-gnueabi/lib/libc.so.6
brk@GLIBC_2.4                                     /usr/arm-linux-gnueabi/lib/libc.so.6
bsd_signal                                        /usr/arm-linux-gnueabi/lib/libc.so.6
bsd_signal@@GLIBC_2.4                             /usr/arm-linux-gnueabi/lib/libc.so.6
bsd_signal@GLIBC_2.4                              /usr/arm-linux-gnueabi/lib/libc.so.6
btowc                                             /usr/arm-linux-gnueabi/lib/libc.so.6
btowc@@GLIBC_2.4                                  /usr/arm-linux-gnueabi/lib/libc.so.6
btowc@GLIBC_2.4                                   /usr/arm-linux-gnueabi/lib/libc.so.6
bzero                                             /usr/arm-linux-gnueabi/lib/libc.so.6
bzero@@GLIBC_2.4                                  /usr/arm-linux-gnueabi/lib/libc.so.6
bzero@GLIBC_2.4                                   /usr/arm-linux-gnueabi/lib/libc.so.6
calloc                                            /usr/arm-linux-gnueabi/lib/libc.so.6
calloc@@GLIBC_2.4                                 /usr/arm-linux-gnueabi/lib/libc.so.6
                                                  /usr/arm-linux-gnueabi/lib/ld-linux.so.3
calloc@GLIBC_2.4                                  /usr/arm-linux-gnueabi/lib/libc.so.6
canonicalize_file_name                            /usr/arm-linux-gnueabi/lib/libc.so.6
canonicalize_file_name@@GLIBC_2.4                 /usr/arm-linux-gnueabi/lib/libc.so.6
canonicalize_file_name@GLIBC_2.4                  /usr/arm-linux-gnueabi/lib/libc.so.6
cfree                                             /usr/arm-linux-gnueabi/lib/libc.so.6
cfree@@GLIBC_2.4                                  /usr/arm-linux-gnueabi/lib/libc.so.6
cfree@GLIBC_2.4                                   /usr/arm-linux-gnueabi/lib/libc.so.6
chdir                                             /usr/arm-linux-gnueabi/lib/libc.so.6
chdir@@GLIBC_2.4                                  /usr/arm-linux-gnueabi/lib/libc.so.6
chdir@GLIBC_2.4                                   /usr/arm-linux-gnueabi/lib/libc.so.6
chmod                                             /usr/arm-linux-gnueabi/lib/libc.so.6
chmod@@GLIBC_2.4                                  /usr/arm-linux-gnueabi/lib/libc.so.6
chmod@GLIBC_2.4                                   /usr/arm-linux-gnueabi/lib/libc.so.6
chown                                             /usr/arm-linux-gnueabi/lib/libc.so.6
chown@@GLIBC_2.4                                  /usr/arm-linux-gnueabi/lib/libc.so.6
chown@GLIBC_2.4                                   /usr/arm-linux-gnueabi/lib/libc.so.6
clearenv                                          /usr/arm-linux-gnueabi/lib/libc.so.6
clearenv@@GLIBC_2.4                               /usr/arm-linux-gnueabi/lib/libc.so.6
clearenv@GLIBC_2.4                                /usr/arm-linux-gnueabi/lib/libc.so.6
clone                                             /usr/arm-linux-gnueabi/lib/libc.so.6
clone@@GLIBC_2.4                                  /usr/arm-linux-gnueabi/lib/libc.so.6
clone@GLIBC_2.4                                   /usr/arm-linux-gnueabi/lib/libc.so.6
close                                             /usr/arm-linux-gnueabi/lib/libc.so.6
close@@GLIBC_2.4                                  /usr/arm-linux-gnueabi/lib/libc.so.6
close@GLIBC_2.4                                   /usr/arm-linux-gnueabi/lib/libc.so.6
closedir                                          /usr/arm-linux-gnueabi/lib/libc.so.6
closedir@@GLIBC_2.4                               /usr/arm-linux-gnueabi/lib/libc.so.6
closedir@GLIBC_2.4                                /usr/arm-linux-gnueabi/lib/libc.so.6
connect                                           /usr/arm-linux-gnueabi/lib/libc.so.6
connect@@GLIBC_2.4                                /usr/arm-linux-gnueabi/lib/libc.so.6
connect@GLIBC_2.4                                 /usr/arm-linux-gnueabi/lib/libc.so.6
copysign                                          /usr/arm-linux-gnueabi/lib/libc.so.6
copysign@@GLIBC_2.4                               /usr/arm-linux-gnueabi/lib/libc.so.6
copysign@GLIBC_2.4                                /usr/arm-linux-gnueabi/lib/libc.so.6
copysignf                                         /usr/arm-linux-gnueabi/lib/libc.so.6
copysignf@@GLIBC_2.4                              /usr/arm-linux-gnueabi/lib/libc.so.6
copysignf@GLIBC_2.4                               /usr/arm-linux-gnueabi/lib/libc.so.6
copysignl                                         /usr/arm-linux-gnueabi/lib/libc.so.6
copysignl@@GLIBC_2.4                              /usr/arm-linux-gnueabi/lib/libc.so.6
copysignl@GLIBC_2.4                               /usr/arm-linux-gnueabi/lib/libc.so.6
creat                                             /usr/arm-linux-gnueabi/lib/libc.so.6
creat@@GLIBC_2.4                                  /usr/arm-linux-gnueabi/lib/libc.so.6
creat@GLIBC_2.4                                   /usr/arm-linux-gnueabi/lib/libc.so.6
create_module                                     /usr/arm-linux-gnueabi/lib/libc.so.6
create_module@@GLIBC_2.4                          /usr/arm-linux-gnueabi/lib/libc.so.6
create_module@GLIBC_2.4                           /usr/arm-linux-gnueabi/lib/libc.so.6
daylight                                          /usr/arm-linux-gnueabi/lib/libc.so.6
daylight@@GLIBC_2.4                               /usr/arm-linux-gnueabi/lib/libc.so.6
daylight@GLIBC_2.4                                /usr/arm-linux-gnueabi/lib/libc.so.6
dcgettext                                         /usr/arm-linux-gnueabi/lib/libc.so.6
dcgettext@@GLIBC_2.4                              /usr/arm-linux-gnueabi/lib/libc.so.6
dcgettext@GLIBC_2.4                               /usr/arm-linux-gnueabi/lib/libc.so.6
dcngettext                                        /usr/arm-linux-gnueabi/lib/libc.so.6
dcngettext@@GLIBC_2.4                             /usr/arm-linux-gnueabi/lib/libc.so.6
dcngettext@GLIBC_2.4                              /usr/arm-linux-gnueabi/lib/libc.so.6
dgettext                                          /usr/arm-linux-gnueabi/lib/libc.so.6
dgettext@@GLIBC_2.4                               /usr/arm-linux-gnueabi/lib/libc.so.6
dgettext@GLIBC_2.4                                /usr/arm-linux-gnueabi/lib/libc.so.6
disable_timer                                     timer.o
dl_iterate_phdr                                   /usr/arm-linux-gnueabi/lib/libc.so.6
dl_iterate_phdr@@GLIBC_2.4                        /usr/arm-linux-gnueabi/lib/libc.so.6
dl_iterate_phdr@GLIBC_2.4                         /usr/arm-linux-gnueabi/lib/libc.so.6
dngettext                                         /usr/arm-linux-gnueabi/lib/libc.so.6
dngettext@@GLIBC_2.4                              /usr/arm-linux-gnueabi/lib/libc.so.6
dngettext@GLIBC_2.4                               /usr/arm-linux-gnueabi/lib/libc.so.6
dup                                               /usr/arm-linux-gnueabi/lib/libc.so.6
dup2                                              /usr/arm-linux-gnueabi/lib/libc.so.6
dup2@@GLIBC_2.4                                   /usr/arm-linux-gnueabi/lib/libc.so.6
dup2@GLIBC_2.4                                    /usr/arm-linux-gnueabi/lib/libc.so.6
dup@@GLIBC_2.4                                    /usr/arm-linux-gnueabi/lib/libc.so.6
dup@GLIBC_2.4                                     /usr/arm-linux-gnueabi/lib/libc.so.6
duplocale                                         /usr/arm-linux-gnueabi/lib/libc.so.6
duplocale@@GLIBC_2.4                              /usr/arm-linux-gnueabi/lib/libc.so.6
duplocale@GLIBC_2.4                               /usr/arm-linux-gnueabi/lib/libc.so.6
eaccess                                           /usr/arm-linux-gnueabi/lib/libc.so.6
eaccess@@GLIBC_2.4                                /usr/arm-linux-gnueabi/lib/libc.so.6
eaccess@GLIBC_2.4                                 /usr/arm-linux-gnueabi/lib/libc.so.6
enable_timer                                      timer.o
endmntent                                         /usr/arm-linux-gnueabi/lib/libc.so.6
endmntent@@GLIBC_2.4                              /usr/arm-linux-gnueabi/lib/libc.so.6
endmntent@GLIBC_2.4                               /usr/arm-linux-gnueabi/lib/libc.so.6
endutent                                          /usr/arm-linux-gnueabi/lib/libc.so.6
endutent@@GLIBC_2.4                               /usr/arm-linux-gnueabi/lib/libc.so.6
endutent@GLIBC_2.4                                /usr/arm-linux-gnueabi/lib/libc.so.6
environ                                           /usr/arm-linux-gnueabi/lib/libc.so.6
environ@@GLIBC_2.4                                /usr/arm-linux-gnueabi/lib/libc.so.6
environ@GLIBC_2.4                                 /usr/arm-linux-gnueabi/lib/libc.so.6
erand48_r                                         /usr/arm-linux-gnueabi/lib/libc.so.6
erand48_r@@GLIBC_2.4                              /usr/arm-linux-gnueabi/lib/libc.so.6
erand48_r@GLIBC_2.4                               /usr/arm-linux-gnueabi/lib/libc.so.6
error                                             /usr/arm-linux-gnueabi/lib/libc.so.6
error@@GLIBC_2.4                                  /usr/arm-linux-gnueabi/lib/libc.so.6
error@GLIBC_2.4                                   /usr/arm-linux-gnueabi/lib/libc.so.6
error_at_line                                     /usr/arm-linux-gnueabi/lib/libc.so.6
error_at_line@@GLIBC_2.4                          /usr/arm-linux-gnueabi/lib/libc.so.6
error_at_line@GLIBC_2.4                           /usr/arm-linux-gnueabi/lib/libc.so.6
euidaccess                                        /usr/arm-linux-gnueabi/lib/libc.so.6
euidaccess@@GLIBC_2.4                             /usr/arm-linux-gnueabi/lib/libc.so.6
euidaccess@GLIBC_2.4                              /usr/arm-linux-gnueabi/lib/libc.so.6
execve                                            /usr/arm-linux-gnueabi/lib/libc.so.6
execve@@GLIBC_2.4                                 /usr/arm-linux-gnueabi/lib/libc.so.6
execve@GLIBC_2.4                                  /usr/arm-linux-gnueabi/lib/libc.so.6
execvpe                                           /usr/arm-linux-gnueabi/lib/libc.so.6
execvpe@@GLIBC_2.11                               /usr/arm-linux-gnueabi/lib/libc.so.6
execvpe@GLIBC_2.11                                /usr/arm-linux-gnueabi/lib/libc.so.6
fchdir                                            /usr/arm-linux-gnueabi/lib/libc.so.6
fchdir@@GLIBC_2.4                                 /usr/arm-linux-gnueabi/lib/libc.so.6
fchdir@GLIBC_2.4                                  /usr/arm-linux-gnueabi/lib/libc.so.6
fchmod                                            /usr/arm-linux-gnueabi/lib/libc.so.6
fchmod@@GLIBC_2.4                                 /usr/arm-linux-gnueabi/lib/libc.so.6
fchmod@GLIBC_2.4                                  /usr/arm-linux-gnueabi/lib/libc.so.6
fchown                                            /usr/arm-linux-gnueabi/lib/libc.so.6
fchown@@GLIBC_2.4                                 /usr/arm-linux-gnueabi/lib/libc.so.6
fchown@GLIBC_2.4                                  /usr/arm-linux-gnueabi/lib/libc.so.6
fcloseall                                         /usr/arm-linux-gnueabi/lib/libc.so.6
fcloseall@@GLIBC_2.4                              /usr/arm-linux-gnueabi/lib/libc.so.6
fcloseall@GLIBC_2.4                               /usr/arm-linux-gnueabi/lib/libc.so.6
fcntl                                             /usr/arm-linux-gnueabi/lib/libc.so.6
fcntl@@GLIBC_2.4                                  /usr/arm-linux-gnueabi/lib/libc.so.6
fcntl@GLIBC_2.4                                   /usr/arm-linux-gnueabi/lib/libc.so.6
fdopendir                                         /usr/arm-linux-gnueabi/lib/libc.so.6
fdopendir@@GLIBC_2.4                              /usr/arm-linux-gnueabi/lib/libc.so.6
fdopendir@GLIBC_2.4                               /usr/arm-linux-gnueabi/lib/libc.so.6
feof                                              /usr/arm-linux-gnueabi/lib/libc.so.6
feof@@GLIBC_2.4                                   /usr/arm-linux-gnueabi/lib/libc.so.6
feof@GLIBC_2.4                                    /usr/arm-linux-gnueabi/lib/libc.so.6
ferror                                            /usr/arm-linux-gnueabi/lib/libc.so.6
ferror@@GLIBC_2.4                                 /usr/arm-linux-gnueabi/lib/libc.so.6
ferror@GLIBC_2.4                                  /usr/arm-linux-gnueabi/lib/libc.so.6
fflush                                            /usr/arm-linux-gnueabi/lib/libc.so.6
fflush@@GLIBC_2.4                                 /usr/arm-linux-gnueabi/lib/libc.so.6
fflush@GLIBC_2.4                                  /usr/arm-linux-gnueabi/lib/libc.so.6
ffsl                                              /usr/arm-linux-gnueabi/lib/libc.so.6
ffsl@@GLIBC_2.4                                   /usr/arm-linux-gnueabi/lib/libc.so.6
ffsl@GLIBC_2.4                                    /usr/arm-linux-gnueabi/lib/libc.so.6
fgetc                                             /usr/arm-linux-gnueabi/lib/libc.so.6
fgetc@@GLIBC_2.4                                  /usr/arm-linux-gnueabi/lib/libc.so.6
fgetc@GLIBC_2.4                                   /usr/arm-linux-gnueabi/lib/libc.so.6
fgetc_unlocked                                    /usr/arm-linux-gnueabi/lib/libc.so.6
fgetc_unlocked@@GLIBC_2.4                         /usr/arm-linux-gnueabi/lib/libc.so.6
fgetc_unlocked@GLIBC_2.4                          /usr/arm-linux-gnueabi/lib/libc.so.6
fgetgrent_r                                       /usr/arm-linux-gnueabi/lib/libc.so.6
fgetgrent_r@@GLIBC_2.4                            /usr/arm-linux-gnueabi/lib/libc.so.6
fgetgrent_r@GLIBC_2.4                             /usr/arm-linux-gnueabi/lib/libc.so.6
fgetpwent_r                                       /usr/arm-linux-gnueabi/lib/libc.so.6
fgetpwent_r@@GLIBC_2.4                            /usr/arm-linux-gnueabi/lib/libc.so.6
fgetpwent_r@GLIBC_2.4                             /usr/arm-linux-gnueabi/lib/libc.so.6
fgets                                             /usr/arm-linux-gnueabi/lib/libc.so.6
fgets@@GLIBC_2.4                                  /usr/arm-linux-gnueabi/lib/libc.so.6
fgets@GLIBC_2.4                                   /usr/arm-linux-gnueabi/lib/libc.so.6
fgetsgent_r                                       /usr/arm-linux-gnueabi/lib/libc.so.6
fgetsgent_r@@GLIBC_2.10                           /usr/arm-linux-gnueabi/lib/libc.so.6
fgetsgent_r@GLIBC_2.10                            /usr/arm-linux-gnueabi/lib/libc.so.6
fgetspent_r                                       /usr/arm-linux-gnueabi/lib/libc.so.6
fgetspent_r@@GLIBC_2.4                            /usr/arm-linux-gnueabi/lib/libc.so.6
fgetspent_r@GLIBC_2.4                             /usr/arm-linux-gnueabi/lib/libc.so.6
fgetwc                                            /usr/arm-linux-gnueabi/lib/libc.so.6
fgetwc@@GLIBC_2.4                                 /usr/arm-linux-gnueabi/lib/libc.so.6
fgetwc@GLIBC_2.4                                  /usr/arm-linux-gnueabi/lib/libc.so.6
fgetwc_unlocked                                   /usr/arm-linux-gnueabi/lib/libc.so.6
fgetwc_unlocked@@GLIBC_2.4                        /usr/arm-linux-gnueabi/lib/libc.so.6
fgetwc_unlocked@GLIBC_2.4                         /usr/arm-linux-gnueabi/lib/libc.so.6
fileno_unlocked                                   /usr/arm-linux-gnueabi/lib/libc.so.6
fileno_unlocked@@GLIBC_2.4                        /usr/arm-linux-gnueabi/lib/libc.so.6
fileno_unlocked@GLIBC_2.4                         /usr/arm-linux-gnueabi/lib/libc.so.6
finite                                            /usr/arm-linux-gnueabi/lib/libc.so.6
finite@@GLIBC_2.4                                 /usr/arm-linux-gnueabi/lib/libc.so.6
finite@GLIBC_2.4                                  /usr/arm-linux-gnueabi/lib/libc.so.6
finitef                                           /usr/arm-linux-gnueabi/lib/libc.so.6
finitef@@GLIBC_2.4                                /usr/arm-linux-gnueabi/lib/libc.so.6
finitef@GLIBC_2.4                                 /usr/arm-linux-gnueabi/lib/libc.so.6
finitel                                           /usr/arm-linux-gnueabi/lib/libc.so.6
finitel@@GLIBC_2.4                                /usr/arm-linux-gnueabi/lib/libc.so.6
finitel@GLIBC_2.4                                 /usr/arm-linux-gnueabi/lib/libc.so.6
flock                                             /usr/arm-linux-gnueabi/lib/libc.so.6
flock@@GLIBC_2.4                                  /usr/arm-linux-gnueabi/lib/libc.so.6
flock@GLIBC_2.4                                   /usr/arm-linux-gnueabi/lib/libc.so.6
flockfile                                         /usr/arm-linux-gnueabi/lib/libc.so.6
flockfile@@GLIBC_2.4                              /usr/arm-linux-gnueabi/lib/libc.so.6
flockfile@GLIBC_2.4                               /usr/arm-linux-gnueabi/lib/libc.so.6
fopen64                                           /usr/arm-linux-gnueabi/lib/libc.so.6
fopen64@@GLIBC_2.4                                /usr/arm-linux-gnueabi/lib/libc.so.6
fopen64@GLIBC_2.4                                 /usr/arm-linux-gnueabi/lib/libc.so.6
fork                                              /usr/arm-linux-gnueabi/lib/libc.so.6
fork@@GLIBC_2.4                                   /usr/arm-linux-gnueabi/lib/libc.so.6
fork@GLIBC_2.4                                    /usr/arm-linux-gnueabi/lib/libc.so.6
four_bit_add                                      main.o
fpathconf                                         /usr/arm-linux-gnueabi/lib/libc.so.6
fpathconf@@GLIBC_2.4                              /usr/arm-linux-gnueabi/lib/libc.so.6
fpathconf@GLIBC_2.4                               /usr/arm-linux-gnueabi/lib/libc.so.6
fputs                                             /usr/arm-linux-gnueabi/lib/libc.so.6
fputs@@GLIBC_2.4                                  /usr/arm-linux-gnueabi/lib/libc.so.6
fputs@GLIBC_2.4                                   /usr/arm-linux-gnueabi/lib/libc.so.6
fread                                             /usr/arm-linux-gnueabi/lib/libc.so.6
fread@@GLIBC_2.4                                  /usr/arm-linux-gnueabi/lib/libc.so.6
fread@GLIBC_2.4                                   /usr/arm-linux-gnueabi/lib/libc.so.6
freelocale                                        /usr/arm-linux-gnueabi/lib/libc.so.6
freelocale@@GLIBC_2.4                             /usr/arm-linux-gnueabi/lib/libc.so.6
freelocale@GLIBC_2.4                              /usr/arm-linux-gnueabi/lib/libc.so.6
frexp                                             /usr/arm-linux-gnueabi/lib/libc.so.6
frexp@@GLIBC_2.4                                  /usr/arm-linux-gnueabi/lib/libc.so.6
frexp@GLIBC_2.4                                   /usr/arm-linux-gnueabi/lib/libc.so.6
frexpf                                            /usr/arm-linux-gnueabi/lib/libc.so.6
frexpf@@GLIBC_2.4                                 /usr/arm-linux-gnueabi/lib/libc.so.6
frexpf@GLIBC_2.4                                  /usr/arm-linux-gnueabi/lib/libc.so.6
frexpl                                            /usr/arm-linux-gnueabi/lib/libc.so.6
frexpl@@GLIBC_2.4                                 /usr/arm-linux-gnueabi/lib/libc.so.6
frexpl@GLIBC_2.4                                  /usr/arm-linux-gnueabi/lib/libc.so.6
fstatfs                                           /usr/arm-linux-gnueabi/lib/libc.so.6
fstatfs64                                         /usr/arm-linux-gnueabi/lib/libc.so.6
fstatfs64@@GLIBC_2.4                              /usr/arm-linux-gnueabi/lib/libc.so.6
fstatfs64@GLIBC_2.4                               /usr/arm-linux-gnueabi/lib/libc.so.6
fstatfs@@GLIBC_2.4                                /usr/arm-linux-gnueabi/lib/libc.so.6
fstatfs@GLIBC_2.4                                 /usr/arm-linux-gnueabi/lib/libc.so.6
fstatvfs64                                        /usr/arm-linux-gnueabi/lib/libc.so.6
fstatvfs64@@GLIBC_2.4                             /usr/arm-linux-gnueabi/lib/libc.so.6
fstatvfs64@GLIBC_2.4                              /usr/arm-linux-gnueabi/lib/libc.so.6
fsync                                             /usr/arm-linux-gnueabi/lib/libc.so.6
fsync@@GLIBC_2.4                                  /usr/arm-linux-gnueabi/lib/libc.so.6
fsync@GLIBC_2.4                                   /usr/arm-linux-gnueabi/lib/libc.so.6
ftell                                             /usr/arm-linux-gnueabi/lib/libc.so.6
ftell@@GLIBC_2.4                                  /usr/arm-linux-gnueabi/lib/libc.so.6
ftell@GLIBC_2.4                                   /usr/arm-linux-gnueabi/lib/libc.so.6
ftruncate                                         /usr/arm-linux-gnueabi/lib/libc.so.6
ftruncate64                                       /usr/arm-linux-gnueabi/lib/libc.so.6
ftruncate64@@GLIBC_2.4                            /usr/arm-linux-gnueabi/lib/libc.so.6
ftruncate64@GLIBC_2.4                             /usr/arm-linux-gnueabi/lib/libc.so.6
ftruncate@@GLIBC_2.4                              /usr/arm-linux-gnueabi/lib/libc.so.6
ftruncate@GLIBC_2.4                               /usr/arm-linux-gnueabi/lib/libc.so.6
ftrylockfile                                      /usr/arm-linux-gnueabi/lib/libc.so.6
ftrylockfile@@GLIBC_2.4                           /usr/arm-linux-gnueabi/lib/libc.so.6
ftrylockfile@GLIBC_2.4                            /usr/arm-linux-gnueabi/lib/libc.so.6
funlockfile                                       /usr/arm-linux-gnueabi/lib/libc.so.6
funlockfile@@GLIBC_2.4                            /usr/arm-linux-gnueabi/lib/libc.so.6
funlockfile@GLIBC_2.4                             /usr/arm-linux-gnueabi/lib/libc.so.6
futimes                                           /usr/arm-linux-gnueabi/lib/libc.so.6
futimes@@GLIBC_2.4                                /usr/arm-linux-gnueabi/lib/libc.so.6
futimes@GLIBC_2.4                                 /usr/arm-linux-gnueabi/lib/libc.so.6
fwprintf                                          /usr/arm-linux-gnueabi/lib/libc.so.6
fwprintf@@GLIBC_2.4                               /usr/arm-linux-gnueabi/lib/libc.so.6
fwprintf@GLIBC_2.4                                /usr/arm-linux-gnueabi/lib/libc.so.6
fwrite                                            /usr/arm-linux-gnueabi/lib/libc.so.6
fwrite@@GLIBC_2.4                                 /usr/arm-linux-gnueabi/lib/libc.so.6
fwrite@GLIBC_2.4                                  /usr/arm-linux-gnueabi/lib/libc.so.6
get_avphys_pages                                  /usr/arm-linux-gnueabi/lib/libc.so.6
get_avphys_pages@@GLIBC_2.4                       /usr/arm-linux-gnueabi/lib/libc.so.6
get_avphys_pages@GLIBC_2.4                        /usr/arm-linux-gnueabi/lib/libc.so.6
get_kernel_syms                                   /usr/arm-linux-gnueabi/lib/libc.so.6
get_kernel_syms@@GLIBC_2.4                        /usr/arm-linux-gnueabi/lib/libc.so.6
get_kernel_syms@GLIBC_2.4                         /usr/arm-linux-gnueabi/lib/libc.so.6
get_nprocs                                        /usr/arm-linux-gnueabi/lib/libc.so.6
get_nprocs@@GLIBC_2.4                             /usr/arm-linux-gnueabi/lib/libc.so.6
get_nprocs@GLIBC_2.4                              /usr/arm-linux-gnueabi/lib/libc.so.6
get_nprocs_conf                                   /usr/arm-linux-gnueabi/lib/libc.so.6
get_nprocs_conf@@GLIBC_2.4                        /usr/arm-linux-gnueabi/lib/libc.so.6
get_nprocs_conf@GLIBC_2.4                         /usr/arm-linux-gnueabi/lib/libc.so.6
get_phys_pages                                    /usr/arm-linux-gnueabi/lib/libc.so.6
get_phys_pages@@GLIBC_2.4                         /usr/arm-linux-gnueabi/lib/libc.so.6
get_phys_pages@GLIBC_2.4                          /usr/arm-linux-gnueabi/lib/libc.so.6
getc                                              /usr/arm-linux-gnueabi/lib/libc.so.6
getc@@GLIBC_2.4                                   /usr/arm-linux-gnueabi/lib/libc.so.6
getc@GLIBC_2.4                                    /usr/arm-linux-gnueabi/lib/libc.so.6
getc_unlocked                                     /usr/arm-linux-gnueabi/lib/libc.so.6
getc_unlocked@@GLIBC_2.4                          /usr/arm-linux-gnueabi/lib/libc.so.6
getc_unlocked@GLIBC_2.4                           /usr/arm-linux-gnueabi/lib/libc.so.6
getcontext                                        /usr/arm-linux-gnueabi/lib/libc.so.6
getcontext@@GLIBC_2.4                             /usr/arm-linux-gnueabi/lib/libc.so.6
getcontext@GLIBC_2.4                              /usr/arm-linux-gnueabi/lib/libc.so.6
getcwd                                            /usr/arm-linux-gnueabi/lib/libc.so.6
getcwd@@GLIBC_2.4                                 /usr/arm-linux-gnueabi/lib/libc.so.6
getcwd@GLIBC_2.4                                  /usr/arm-linux-gnueabi/lib/libc.so.6
getdate_r                                         /usr/arm-linux-gnueabi/lib/libc.so.6
getdate_r@@GLIBC_2.4                              /usr/arm-linux-gnueabi/lib/libc.so.6
getdate_r@GLIBC_2.4                               /usr/arm-linux-gnueabi/lib/libc.so.6
getdelim                                          /usr/arm-linux-gnueabi/lib/libc.so.6
getdelim@@GLIBC_2.4                               /usr/arm-linux-gnueabi/lib/libc.so.6
getdelim@GLIBC_2.4                                /usr/arm-linux-gnueabi/lib/libc.so.6
getdtablesize                                     /usr/arm-linux-gnueabi/lib/libc.so.6
getdtablesize@@GLIBC_2.4                          /usr/arm-linux-gnueabi/lib/libc.so.6
getdtablesize@GLIBC_2.4                           /usr/arm-linux-gnueabi/lib/libc.so.6
getegid                                           /usr/arm-linux-gnueabi/lib/libc.so.6
getegid@@GLIBC_2.4                                /usr/arm-linux-gnueabi/lib/libc.so.6
getegid@GLIBC_2.4                                 /usr/arm-linux-gnueabi/lib/libc.so.6
geteuid                                           /usr/arm-linux-gnueabi/lib/libc.so.6
geteuid@@GLIBC_2.4                                /usr/arm-linux-gnueabi/lib/libc.so.6
geteuid@GLIBC_2.4                                 /usr/arm-linux-gnueabi/lib/libc.so.6
getgid                                            /usr/arm-linux-gnueabi/lib/libc.so.6
getgid@@GLIBC_2.4                                 /usr/arm-linux-gnueabi/lib/libc.so.6
getgid@GLIBC_2.4                                  /usr/arm-linux-gnueabi/lib/libc.so.6
getgroups                                         /usr/arm-linux-gnueabi/lib/libc.so.6
getgroups@@GLIBC_2.4                              /usr/arm-linux-gnueabi/lib/libc.so.6
getgroups@GLIBC_2.4                               /usr/arm-linux-gnueabi/lib/libc.so.6
gethostname                                       /usr/arm-linux-gnueabi/lib/libc.so.6
gethostname@@GLIBC_2.4                            /usr/arm-linux-gnueabi/lib/libc.so.6
gethostname@GLIBC_2.4                             /usr/arm-linux-gnueabi/lib/libc.so.6
getitimer                                         /usr/arm-linux-gnueabi/lib/libc.so.6
getitimer@@GLIBC_2.4                              /usr/arm-linux-gnueabi/lib/libc.so.6
getitimer@GLIBC_2.4                               /usr/arm-linux-gnueabi/lib/libc.so.6
getline                                           /usr/arm-linux-gnueabi/lib/libc.so.6
getline@@GLIBC_2.4                                /usr/arm-linux-gnueabi/lib/libc.so.6
getline@GLIBC_2.4                                 /usr/arm-linux-gnueabi/lib/libc.so.6
getmntent_r                                       /usr/arm-linux-gnueabi/lib/libc.so.6
getmntent_r@@GLIBC_2.4                            /usr/arm-linux-gnueabi/lib/libc.so.6
getmntent_r@GLIBC_2.4                             /usr/arm-linux-gnueabi/lib/libc.so.6
getnetgrent_r                                     /usr/arm-linux-gnueabi/lib/libc.so.6
getnetgrent_r@@GLIBC_2.4                          /usr/arm-linux-gnueabi/lib/libc.so.6
getnetgrent_r@GLIBC_2.4                           /usr/arm-linux-gnueabi/lib/libc.so.6
getpagesize                                       /usr/arm-linux-gnueabi/lib/libc.so.6
getpagesize@@GLIBC_2.4                            /usr/arm-linux-gnueabi/lib/libc.so.6
getpagesize@GLIBC_2.4                             /usr/arm-linux-gnueabi/lib/libc.so.6
getpeername                                       /usr/arm-linux-gnueabi/lib/libc.so.6
getpeername@@GLIBC_2.4                            /usr/arm-linux-gnueabi/lib/libc.so.6
getpeername@GLIBC_2.4                             /usr/arm-linux-gnueabi/lib/libc.so.6
getpgid                                           /usr/arm-linux-gnueabi/lib/libc.so.6
getpgid@@GLIBC_2.4                                /usr/arm-linux-gnueabi/lib/libc.so.6
getpgid@GLIBC_2.4                                 /usr/arm-linux-gnueabi/lib/libc.so.6
getppid                                           /usr/arm-linux-gnueabi/lib/libc.so.6
getppid@@GLIBC_2.4                                /usr/arm-linux-gnueabi/lib/libc.so.6
getppid@GLIBC_2.4                                 /usr/arm-linux-gnueabi/lib/libc.so.6
getpt                                             /usr/arm-linux-gnueabi/lib/libc.so.6
getpt@@GLIBC_2.4                                  /usr/arm-linux-gnueabi/lib/libc.so.6
getpt@GLIBC_2.4                                   /usr/arm-linux-gnueabi/lib/libc.so.6
getpw                                             /usr/arm-linux-gnueabi/lib/libc.so.6
getpw@@GLIBC_2.4                                  /usr/arm-linux-gnueabi/lib/libc.so.6
getpw@GLIBC_2.4                                   /usr/arm-linux-gnueabi/lib/libc.so.6
getresgid                                         /usr/arm-linux-gnueabi/lib/libc.so.6
getresgid@@GLIBC_2.4                              /usr/arm-linux-gnueabi/lib/libc.so.6
getresgid@GLIBC_2.4                               /usr/arm-linux-gnueabi/lib/libc.so.6
getresuid                                         /usr/arm-linux-gnueabi/lib/libc.so.6
getresuid@@GLIBC_2.4                              /usr/arm-linux-gnueabi/lib/libc.so.6
getresuid@GLIBC_2.4                               /usr/arm-linux-gnueabi/lib/libc.so.6
getrusage                                         /usr/arm-linux-gnueabi/lib/libc.so.6
getrusage@@GLIBC_2.4                              /usr/arm-linux-gnueabi/lib/libc.so.6
getrusage@GLIBC_2.4                               /usr/arm-linux-gnueabi/lib/libc.so.6
gets                                              /usr/arm-linux-gnueabi/lib/libc.so.6
gets@@GLIBC_2.4                                   /usr/arm-linux-gnueabi/lib/libc.so.6
gets@GLIBC_2.4                                    /usr/arm-linux-gnueabi/lib/libc.so.6
getsockname                                       /usr/arm-linux-gnueabi/lib/libc.so.6
getsockname@@GLIBC_2.4                            /usr/arm-linux-gnueabi/lib/libc.so.6
getsockname@GLIBC_2.4                             /usr/arm-linux-gnueabi/lib/libc.so.6
getsockopt                                        /usr/arm-linux-gnueabi/lib/libc.so.6
getsockopt@@GLIBC_2.4                             /usr/arm-linux-gnueabi/lib/libc.so.6
getsockopt@GLIBC_2.4                              /usr/arm-linux-gnueabi/lib/libc.so.6
gettext                                           /usr/arm-linux-gnueabi/lib/libc.so.6
gettext@@GLIBC_2.4                                /usr/arm-linux-gnueabi/lib/libc.so.6
gettext@GLIBC_2.4                                 /usr/arm-linux-gnueabi/lib/libc.so.6
gettimeofday                                      /usr/arm-linux-gnueabi/lib/libc.so.6
gettimeofday@@GLIBC_2.4                           /usr/arm-linux-gnueabi/lib/libc.so.6
gettimeofday@GLIBC_2.4                            /usr/arm-linux-gnueabi/lib/libc.so.6
getuid                                            /usr/arm-linux-gnueabi/lib/libc.so.6
getuid@@GLIBC_2.4                                 /usr/arm-linux-gnueabi/lib/libc.so.6
getuid@GLIBC_2.4                                  /usr/arm-linux-gnueabi/lib/libc.so.6
getutent                                          /usr/arm-linux-gnueabi/lib/libc.so.6
getutent@@GLIBC_2.4                               /usr/arm-linux-gnueabi/lib/libc.so.6
getutent@GLIBC_2.4                                /usr/arm-linux-gnueabi/lib/libc.so.6
getutent_r                                        /usr/arm-linux-gnueabi/lib/libc.so.6
getutent_r@@GLIBC_2.4                             /usr/arm-linux-gnueabi/lib/libc.so.6
getutent_r@GLIBC_2.4                              /usr/arm-linux-gnueabi/lib/libc.so.6
getutid                                           /usr/arm-linux-gnueabi/lib/libc.so.6
getutid@@GLIBC_2.4                                /usr/arm-linux-gnueabi/lib/libc.so.6
getutid@GLIBC_2.4                                 /usr/arm-linux-gnueabi/lib/libc.so.6
getutid_r                                         /usr/arm-linux-gnueabi/lib/libc.so.6
getutid_r@@GLIBC_2.4                              /usr/arm-linux-gnueabi/lib/libc.so.6
getutid_r@GLIBC_2.4                               /usr/arm-linux-gnueabi/lib/libc.so.6
getutline                                         /usr/arm-linux-gnueabi/lib/libc.so.6
getutline@@GLIBC_2.4                              /usr/arm-linux-gnueabi/lib/libc.so.6
getutline@GLIBC_2.4                               /usr/arm-linux-gnueabi/lib/libc.so.6
getutline_r                                       /usr/arm-linux-gnueabi/lib/libc.so.6
getutline_r@@GLIBC_2.4                            /usr/arm-linux-gnueabi/lib/libc.so.6
getutline_r@GLIBC_2.4                             /usr/arm-linux-gnueabi/lib/libc.so.6
getwc                                             /usr/arm-linux-gnueabi/lib/libc.so.6
getwc@@GLIBC_2.4                                  /usr/arm-linux-gnueabi/lib/libc.so.6
getwc@GLIBC_2.4                                   /usr/arm-linux-gnueabi/lib/libc.so.6
getwc_unlocked                                    /usr/arm-linux-gnueabi/lib/libc.so.6
getwc_unlocked@@GLIBC_2.4                         /usr/arm-linux-gnueabi/lib/libc.so.6
getwc_unlocked@GLIBC_2.4                          /usr/arm-linux-gnueabi/lib/libc.so.6
glob_pattern_p                                    /usr/arm-linux-gnueabi/lib/libc.so.6
glob_pattern_p@@GLIBC_2.4                         /usr/arm-linux-gnueabi/lib/libc.so.6
glob_pattern_p@GLIBC_2.4                          /usr/arm-linux-gnueabi/lib/libc.so.6
gmtime_r                                          /usr/arm-linux-gnueabi/lib/libc.so.6
gmtime_r@@GLIBC_2.4                               /usr/arm-linux-gnueabi/lib/libc.so.6
gmtime_r@GLIBC_2.4                                /usr/arm-linux-gnueabi/lib/libc.so.6
gnu_get_libc_release                              /usr/arm-linux-gnueabi/lib/libc.so.6
gnu_get_libc_release@@GLIBC_2.4                   /usr/arm-linux-gnueabi/lib/libc.so.6
gnu_get_libc_release@GLIBC_2.4                    /usr/arm-linux-gnueabi/lib/libc.so.6
gnu_get_libc_version                              /usr/arm-linux-gnueabi/lib/libc.so.6
gnu_get_libc_version@@GLIBC_2.4                   /usr/arm-linux-gnueabi/lib/libc.so.6
gnu_get_libc_version@GLIBC_2.4                    /usr/arm-linux-gnueabi/lib/libc.so.6
group_member                                      /usr/arm-linux-gnueabi/lib/libc.so.6
group_member@@GLIBC_2.4                           /usr/arm-linux-gnueabi/lib/libc.so.6
group_member@GLIBC_2.4                            /usr/arm-linux-gnueabi/lib/libc.so.6
gsignal                                           /usr/arm-linux-gnueabi/lib/libc.so.6
gsignal@@GLIBC_2.4                                /usr/arm-linux-gnueabi/lib/libc.so.6
gsignal@GLIBC_2.4                                 /usr/arm-linux-gnueabi/lib/libc.so.6
hasmntopt                                         /usr/arm-linux-gnueabi/lib/libc.so.6
hasmntopt@@GLIBC_2.4                              /usr/arm-linux-gnueabi/lib/libc.so.6
hasmntopt@GLIBC_2.4                               /usr/arm-linux-gnueabi/lib/libc.so.6
hdestroy                                          /usr/arm-linux-gnueabi/lib/libc.so.6
hdestroy@@GLIBC_2.4                               /usr/arm-linux-gnueabi/lib/libc.so.6
hdestroy@GLIBC_2.4                                /usr/arm-linux-gnueabi/lib/libc.so.6
imaxabs                                           /usr/arm-linux-gnueabi/lib/libc.so.6
imaxabs@@GLIBC_2.4                                /usr/arm-linux-gnueabi/lib/libc.so.6
imaxabs@GLIBC_2.4                                 /usr/arm-linux-gnueabi/lib/libc.so.6
imaxdiv                                           /usr/arm-linux-gnueabi/lib/libc.so.6
imaxdiv@@GLIBC_2.4                                /usr/arm-linux-gnueabi/lib/libc.so.6
imaxdiv@GLIBC_2.4                                 /usr/arm-linux-gnueabi/lib/libc.so.6
inb                                               /usr/arm-linux-gnueabi/lib/libc.so.6
inb@@GLIBC_2.4                                    /usr/arm-linux-gnueabi/lib/libc.so.6
inb@GLIBC_2.4                                     /usr/arm-linux-gnueabi/lib/libc.so.6
index                                             /usr/arm-linux-gnueabi/lib/libc.so.6
index@@GLIBC_2.4                                  /usr/arm-linux-gnueabi/lib/libc.so.6
index@GLIBC_2.4                                   /usr/arm-linux-gnueabi/lib/libc.so.6
inet_aton                                         /usr/arm-linux-gnueabi/lib/libc.so.6
inet_aton@@GLIBC_2.4                              /usr/arm-linux-gnueabi/lib/libc.so.6
inet_aton@GLIBC_2.4                               /usr/arm-linux-gnueabi/lib/libc.so.6
init_timer                                        timer.o
                                                  main.o
initstate                                         /usr/arm-linux-gnueabi/lib/libc.so.6
initstate@@GLIBC_2.4                              /usr/arm-linux-gnueabi/lib/libc.so.6
initstate@GLIBC_2.4                               /usr/arm-linux-gnueabi/lib/libc.so.6
initstate_r                                       /usr/arm-linux-gnueabi/lib/libc.so.6
initstate_r@@GLIBC_2.4                            /usr/arm-linux-gnueabi/lib/libc.so.6
initstate_r@GLIBC_2.4                             /usr/arm-linux-gnueabi/lib/libc.so.6
inl                                               /usr/arm-linux-gnueabi/lib/libc.so.6
inl@@GLIBC_2.4                                    /usr/arm-linux-gnueabi/lib/libc.so.6
inl@GLIBC_2.4                                     /usr/arm-linux-gnueabi/lib/libc.so.6
install_irq                                       timer.o
inw                                               /usr/arm-linux-gnueabi/lib/libc.so.6
inw@@GLIBC_2.4                                    /usr/arm-linux-gnueabi/lib/libc.so.6
inw@GLIBC_2.4                                     /usr/arm-linux-gnueabi/lib/libc.so.6
ioctl                                             /usr/arm-linux-gnueabi/lib/libc.so.6
ioctl@@GLIBC_2.4                                  /usr/arm-linux-gnueabi/lib/libc.so.6
ioctl@GLIBC_2.4                                   /usr/arm-linux-gnueabi/lib/libc.so.6
ioperm                                            /usr/arm-linux-gnueabi/lib/libc.so.6
ioperm@@GLIBC_2.4                                 /usr/arm-linux-gnueabi/lib/libc.so.6
ioperm@GLIBC_2.4                                  /usr/arm-linux-gnueabi/lib/libc.so.6
iopl                                              /usr/arm-linux-gnueabi/lib/libc.so.6
iopl@@GLIBC_2.4                                   /usr/arm-linux-gnueabi/lib/libc.so.6
iopl@GLIBC_2.4                                    /usr/arm-linux-gnueabi/lib/libc.so.6
isalnum_l                                         /usr/arm-linux-gnueabi/lib/libc.so.6
isalnum_l@@GLIBC_2.4                              /usr/arm-linux-gnueabi/lib/libc.so.6
isalnum_l@GLIBC_2.4                               /usr/arm-linux-gnueabi/lib/libc.so.6
isalpha_l                                         /usr/arm-linux-gnueabi/lib/libc.so.6
isalpha_l@@GLIBC_2.4                              /usr/arm-linux-gnueabi/lib/libc.so.6
isalpha_l@GLIBC_2.4                               /usr/arm-linux-gnueabi/lib/libc.so.6
isatty                                            /usr/arm-linux-gnueabi/lib/libc.so.6
isatty@@GLIBC_2.4                                 /usr/arm-linux-gnueabi/lib/libc.so.6
isatty@GLIBC_2.4                                  /usr/arm-linux-gnueabi/lib/libc.so.6
isblank_l                                         /usr/arm-linux-gnueabi/lib/libc.so.6
isblank_l@@GLIBC_2.4                              /usr/arm-linux-gnueabi/lib/libc.so.6
isblank_l@GLIBC_2.4                               /usr/arm-linux-gnueabi/lib/libc.so.6
iscntrl_l                                         /usr/arm-linux-gnueabi/lib/libc.so.6
iscntrl_l@@GLIBC_2.4                              /usr/arm-linux-gnueabi/lib/libc.so.6
iscntrl_l@GLIBC_2.4                               /usr/arm-linux-gnueabi/lib/libc.so.6
isctype                                           /usr/arm-linux-gnueabi/lib/libc.so.6
isctype@@GLIBC_2.4                                /usr/arm-linux-gnueabi/lib/libc.so.6
isctype@GLIBC_2.4                                 /usr/arm-linux-gnueabi/lib/libc.so.6
isdigit_l                                         /usr/arm-linux-gnueabi/lib/libc.so.6
isdigit_l@@GLIBC_2.4                              /usr/arm-linux-gnueabi/lib/libc.so.6
isdigit_l@GLIBC_2.4                               /usr/arm-linux-gnueabi/lib/libc.so.6
isgraph_l                                         /usr/arm-linux-gnueabi/lib/libc.so.6
isgraph_l@@GLIBC_2.4                              /usr/arm-linux-gnueabi/lib/libc.so.6
isgraph_l@GLIBC_2.4                               /usr/arm-linux-gnueabi/lib/libc.so.6
isinf                                             /usr/arm-linux-gnueabi/lib/libc.so.6
isinf@@GLIBC_2.4                                  /usr/arm-linux-gnueabi/lib/libc.so.6
isinf@GLIBC_2.4                                   /usr/arm-linux-gnueabi/lib/libc.so.6
isinff                                            /usr/arm-linux-gnueabi/lib/libc.so.6
isinff@@GLIBC_2.4                                 /usr/arm-linux-gnueabi/lib/libc.so.6
isinff@GLIBC_2.4                                  /usr/arm-linux-gnueabi/lib/libc.so.6
isinfl                                            /usr/arm-linux-gnueabi/lib/libc.so.6
isinfl@@GLIBC_2.4                                 /usr/arm-linux-gnueabi/lib/libc.so.6
isinfl@GLIBC_2.4                                  /usr/arm-linux-gnueabi/lib/libc.so.6
islower_l                                         /usr/arm-linux-gnueabi/lib/libc.so.6
islower_l@@GLIBC_2.4                              /usr/arm-linux-gnueabi/lib/libc.so.6
islower_l@GLIBC_2.4                               /usr/arm-linux-gnueabi/lib/libc.so.6
isnan                                             /usr/arm-linux-gnueabi/lib/libc.so.6
isnan@@GLIBC_2.4                                  /usr/arm-linux-gnueabi/lib/libc.so.6
isnan@GLIBC_2.4                                   /usr/arm-linux-gnueabi/lib/libc.so.6
isnanf                                            /usr/arm-linux-gnueabi/lib/libc.so.6
isnanf@@GLIBC_2.4                                 /usr/arm-linux-gnueabi/lib/libc.so.6
isnanf@GLIBC_2.4                                  /usr/arm-linux-gnueabi/lib/libc.so.6
isnanl                                            /usr/arm-linux-gnueabi/lib/libc.so.6
isnanl@@GLIBC_2.4                                 /usr/arm-linux-gnueabi/lib/libc.so.6
isnanl@GLIBC_2.4                                  /usr/arm-linux-gnueabi/lib/libc.so.6
isprint_l                                         /usr/arm-linux-gnueabi/lib/libc.so.6
isprint_l@@GLIBC_2.4                              /usr/arm-linux-gnueabi/lib/libc.so.6
isprint_l@GLIBC_2.4                               /usr/arm-linux-gnueabi/lib/libc.so.6
ispunct_l                                         /usr/arm-linux-gnueabi/lib/libc.so.6
ispunct_l@@GLIBC_2.4                              /usr/arm-linux-gnueabi/lib/libc.so.6
ispunct_l@GLIBC_2.4                               /usr/arm-linux-gnueabi/lib/libc.so.6
isspace_l                                         /usr/arm-linux-gnueabi/lib/libc.so.6
isspace_l@@GLIBC_2.4                              /usr/arm-linux-gnueabi/lib/libc.so.6
isspace_l@GLIBC_2.4                               /usr/arm-linux-gnueabi/lib/libc.so.6
isupper_l                                         /usr/arm-linux-gnueabi/lib/libc.so.6
isupper_l@@GLIBC_2.4                              /usr/arm-linux-gnueabi/lib/libc.so.6
isupper_l@GLIBC_2.4                               /usr/arm-linux-gnueabi/lib/libc.so.6
iswalnum                                          /usr/arm-linux-gnueabi/lib/libc.so.6
iswalnum@@GLIBC_2.4                               /usr/arm-linux-gnueabi/lib/libc.so.6
iswalnum@GLIBC_2.4                                /usr/arm-linux-gnueabi/lib/libc.so.6
iswalnum_l                                        /usr/arm-linux-gnueabi/lib/libc.so.6
iswalnum_l@@GLIBC_2.4                             /usr/arm-linux-gnueabi/lib/libc.so.6
iswalnum_l@GLIBC_2.4                              /usr/arm-linux-gnueabi/lib/libc.so.6
iswalpha                                          /usr/arm-linux-gnueabi/lib/libc.so.6
iswalpha@@GLIBC_2.4                               /usr/arm-linux-gnueabi/lib/libc.so.6
iswalpha@GLIBC_2.4                                /usr/arm-linux-gnueabi/lib/libc.so.6
iswalpha_l                                        /usr/arm-linux-gnueabi/lib/libc.so.6
iswalpha_l@@GLIBC_2.4                             /usr/arm-linux-gnueabi/lib/libc.so.6
iswalpha_l@GLIBC_2.4                              /usr/arm-linux-gnueabi/lib/libc.so.6
iswblank                                          /usr/arm-linux-gnueabi/lib/libc.so.6
iswblank@@GLIBC_2.4                               /usr/arm-linux-gnueabi/lib/libc.so.6
iswblank@GLIBC_2.4                                /usr/arm-linux-gnueabi/lib/libc.so.6
iswblank_l                                        /usr/arm-linux-gnueabi/lib/libc.so.6
iswblank_l@@GLIBC_2.4                             /usr/arm-linux-gnueabi/lib/libc.so.6
iswblank_l@GLIBC_2.4                              /usr/arm-linux-gnueabi/lib/libc.so.6
iswcntrl                                          /usr/arm-linux-gnueabi/lib/libc.so.6
iswcntrl@@GLIBC_2.4                               /usr/arm-linux-gnueabi/lib/libc.so.6
iswcntrl@GLIBC_2.4                                /usr/arm-linux-gnueabi/lib/libc.so.6
iswcntrl_l                                        /usr/arm-linux-gnueabi/lib/libc.so.6
iswcntrl_l@@GLIBC_2.4                             /usr/arm-linux-gnueabi/lib/libc.so.6
iswcntrl_l@GLIBC_2.4                              /usr/arm-linux-gnueabi/lib/libc.so.6
iswctype                                          /usr/arm-linux-gnueabi/lib/libc.so.6
iswctype@@GLIBC_2.4                               /usr/arm-linux-gnueabi/lib/libc.so.6
iswctype@GLIBC_2.4                                /usr/arm-linux-gnueabi/lib/libc.so.6
iswctype_l                                        /usr/arm-linux-gnueabi/lib/libc.so.6
iswctype_l@@GLIBC_2.4                             /usr/arm-linux-gnueabi/lib/libc.so.6
iswctype_l@GLIBC_2.4                              /usr/arm-linux-gnueabi/lib/libc.so.6
iswdigit                                          /usr/arm-linux-gnueabi/lib/libc.so.6
iswdigit@@GLIBC_2.4                               /usr/arm-linux-gnueabi/lib/libc.so.6
iswdigit@GLIBC_2.4                                /usr/arm-linux-gnueabi/lib/libc.so.6
iswdigit_l                                        /usr/arm-linux-gnueabi/lib/libc.so.6
iswdigit_l@@GLIBC_2.4                             /usr/arm-linux-gnueabi/lib/libc.so.6
iswdigit_l@GLIBC_2.4                              /usr/arm-linux-gnueabi/lib/libc.so.6
iswgraph                                          /usr/arm-linux-gnueabi/lib/libc.so.6
iswgraph@@GLIBC_2.4                               /usr/arm-linux-gnueabi/lib/libc.so.6
iswgraph@GLIBC_2.4                                /usr/arm-linux-gnueabi/lib/libc.so.6
iswgraph_l                                        /usr/arm-linux-gnueabi/lib/libc.so.6
iswgraph_l@@GLIBC_2.4                             /usr/arm-linux-gnueabi/lib/libc.so.6
iswgraph_l@GLIBC_2.4                              /usr/arm-linux-gnueabi/lib/libc.so.6
iswlower                                          /usr/arm-linux-gnueabi/lib/libc.so.6
iswlower@@GLIBC_2.4                               /usr/arm-linux-gnueabi/lib/libc.so.6
iswlower@GLIBC_2.4                                /usr/arm-linux-gnueabi/lib/libc.so.6
iswlower_l                                        /usr/arm-linux-gnueabi/lib/libc.so.6
iswlower_l@@GLIBC_2.4                             /usr/arm-linux-gnueabi/lib/libc.so.6
iswlower_l@GLIBC_2.4                              /usr/arm-linux-gnueabi/lib/libc.so.6
iswprint                                          /usr/arm-linux-gnueabi/lib/libc.so.6
iswprint@@GLIBC_2.4                               /usr/arm-linux-gnueabi/lib/libc.so.6
iswprint@GLIBC_2.4                                /usr/arm-linux-gnueabi/lib/libc.so.6
iswprint_l                                        /usr/arm-linux-gnueabi/lib/libc.so.6
iswprint_l@@GLIBC_2.4                             /usr/arm-linux-gnueabi/lib/libc.so.6
iswprint_l@GLIBC_2.4                              /usr/arm-linux-gnueabi/lib/libc.so.6
iswpunct                                          /usr/arm-linux-gnueabi/lib/libc.so.6
iswpunct@@GLIBC_2.4                               /usr/arm-linux-gnueabi/lib/libc.so.6
iswpunct@GLIBC_2.4                                /usr/arm-linux-gnueabi/lib/libc.so.6
iswpunct_l                                        /usr/arm-linux-gnueabi/lib/libc.so.6
iswpunct_l@@GLIBC_2.4                             /usr/arm-linux-gnueabi/lib/libc.so.6
iswpunct_l@GLIBC_2.4                              /usr/arm-linux-gnueabi/lib/libc.so.6
iswspace                                          /usr/arm-linux-gnueabi/lib/libc.so.6
iswspace@@GLIBC_2.4                               /usr/arm-linux-gnueabi/lib/libc.so.6
iswspace@GLIBC_2.4                                /usr/arm-linux-gnueabi/lib/libc.so.6
iswspace_l                                        /usr/arm-linux-gnueabi/lib/libc.so.6
iswspace_l@@GLIBC_2.4                             /usr/arm-linux-gnueabi/lib/libc.so.6
iswspace_l@GLIBC_2.4                              /usr/arm-linux-gnueabi/lib/libc.so.6
iswupper                                          /usr/arm-linux-gnueabi/lib/libc.so.6
iswupper@@GLIBC_2.4                               /usr/arm-linux-gnueabi/lib/libc.so.6
iswupper@GLIBC_2.4                                /usr/arm-linux-gnueabi/lib/libc.so.6
iswupper_l                                        /usr/arm-linux-gnueabi/lib/libc.so.6
iswupper_l@@GLIBC_2.4                             /usr/arm-linux-gnueabi/lib/libc.so.6
iswupper_l@GLIBC_2.4                              /usr/arm-linux-gnueabi/lib/libc.so.6
iswxdigit                                         /usr/arm-linux-gnueabi/lib/libc.so.6
iswxdigit@@GLIBC_2.4                              /usr/arm-linux-gnueabi/lib/libc.so.6
iswxdigit@GLIBC_2.4                               /usr/arm-linux-gnueabi/lib/libc.so.6
iswxdigit_l                                       /usr/arm-linux-gnueabi/lib/libc.so.6
iswxdigit_l@@GLIBC_2.4                            /usr/arm-linux-gnueabi/lib/libc.so.6
iswxdigit_l@GLIBC_2.4                             /usr/arm-linux-gnueabi/lib/libc.so.6
isxdigit_l                                        /usr/arm-linux-gnueabi/lib/libc.so.6
isxdigit_l@@GLIBC_2.4                             /usr/arm-linux-gnueabi/lib/libc.so.6
isxdigit_l@GLIBC_2.4                              /usr/arm-linux-gnueabi/lib/libc.so.6
jrand48_r                                         /usr/arm-linux-gnueabi/lib/libc.so.6
jrand48_r@@GLIBC_2.4                              /usr/arm-linux-gnueabi/lib/libc.so.6
jrand48_r@GLIBC_2.4                               /usr/arm-linux-gnueabi/lib/libc.so.6
kill                                              /usr/arm-linux-gnueabi/lib/libc.so.6
kill@@GLIBC_2.4                                   /usr/arm-linux-gnueabi/lib/libc.so.6
kill@GLIBC_2.4                                    /usr/arm-linux-gnueabi/lib/libc.so.6
labADC                                            main.o
lchown                                            /usr/arm-linux-gnueabi/lib/libc.so.6
lchown@@GLIBC_2.4                                 /usr/arm-linux-gnueabi/lib/libc.so.6
lchown@GLIBC_2.4                                  /usr/arm-linux-gnueabi/lib/libc.so.6
lckpwdf                                           /usr/arm-linux-gnueabi/lib/libc.so.6
lckpwdf@@GLIBC_2.4                                /usr/arm-linux-gnueabi/lib/libc.so.6
lckpwdf@GLIBC_2.4                                 /usr/arm-linux-gnueabi/lib/libc.so.6
lcong48_r                                         /usr/arm-linux-gnueabi/lib/libc.so.6
lcong48_r@@GLIBC_2.4                              /usr/arm-linux-gnueabi/lib/libc.so.6
lcong48_r@GLIBC_2.4                               /usr/arm-linux-gnueabi/lib/libc.so.6
ldexp                                             /usr/arm-linux-gnueabi/lib/libc.so.6
ldexp@@GLIBC_2.4                                  /usr/arm-linux-gnueabi/lib/libc.so.6
ldexp@GLIBC_2.4                                   /usr/arm-linux-gnueabi/lib/libc.so.6
ldexpf                                            /usr/arm-linux-gnueabi/lib/libc.so.6
ldexpf@@GLIBC_2.4                                 /usr/arm-linux-gnueabi/lib/libc.so.6
ldexpf@GLIBC_2.4                                  /usr/arm-linux-gnueabi/lib/libc.so.6
ldexpl                                            /usr/arm-linux-gnueabi/lib/libc.so.6
ldexpl@@GLIBC_2.4                                 /usr/arm-linux-gnueabi/lib/libc.so.6
ldexpl@GLIBC_2.4                                  /usr/arm-linux-gnueabi/lib/libc.so.6
link                                              /usr/arm-linux-gnueabi/lib/libc.so.6
link@@GLIBC_2.4                                   /usr/arm-linux-gnueabi/lib/libc.so.6
link@GLIBC_2.4                                    /usr/arm-linux-gnueabi/lib/libc.so.6
listen                                            /usr/arm-linux-gnueabi/lib/libc.so.6
listen@@GLIBC_2.4                                 /usr/arm-linux-gnueabi/lib/libc.so.6
listen@GLIBC_2.4                                  /usr/arm-linux-gnueabi/lib/libc.so.6
llseek                                            /usr/arm-linux-gnueabi/lib/libc.so.6
llseek@@GLIBC_2.4                                 /usr/arm-linux-gnueabi/lib/libc.so.6
llseek@GLIBC_2.4                                  /usr/arm-linux-gnueabi/lib/libc.so.6
localtime_r                                       /usr/arm-linux-gnueabi/lib/libc.so.6
localtime_r@@GLIBC_2.4                            /usr/arm-linux-gnueabi/lib/libc.so.6
localtime_r@GLIBC_2.4                             /usr/arm-linux-gnueabi/lib/libc.so.6
longjmp                                           /usr/arm-linux-gnueabi/lib/libc.so.6
longjmp@@GLIBC_2.4                                /usr/arm-linux-gnueabi/lib/libc.so.6
longjmp@GLIBC_2.4                                 /usr/arm-linux-gnueabi/lib/libc.so.6
lseek                                             /usr/arm-linux-gnueabi/lib/libc.so.6
lseek64                                           /usr/arm-linux-gnueabi/lib/libc.so.6
lseek64@@GLIBC_2.4                                /usr/arm-linux-gnueabi/lib/libc.so.6
lseek64@GLIBC_2.4                                 /usr/arm-linux-gnueabi/lib/libc.so.6
lseek@@GLIBC_2.4                                  /usr/arm-linux-gnueabi/lib/libc.so.6
lseek@GLIBC_2.4                                   /usr/arm-linux-gnueabi/lib/libc.so.6
main                                              main.o
                                                  Startup.o
makecontext                                       /usr/arm-linux-gnueabi/lib/libc.so.6
makecontext@@GLIBC_2.4                            /usr/arm-linux-gnueabi/lib/libc.so.6
makecontext@GLIBC_2.4                             /usr/arm-linux-gnueabi/lib/libc.so.6
mallinfo                                          /usr/arm-linux-gnueabi/lib/libc.so.6
mallinfo@@GLIBC_2.4                               /usr/arm-linux-gnueabi/lib/libc.so.6
mallinfo@GLIBC_2.4                                /usr/arm-linux-gnueabi/lib/libc.so.6
malloc_get_state                                  /usr/arm-linux-gnueabi/lib/libc.so.6
malloc_get_state@@GLIBC_2.4                       /usr/arm-linux-gnueabi/lib/libc.so.6
malloc_get_state@GLIBC_2.4                        /usr/arm-linux-gnueabi/lib/libc.so.6
malloc_set_state                                  /usr/arm-linux-gnueabi/lib/libc.so.6
malloc_set_state@@GLIBC_2.4                       /usr/arm-linux-gnueabi/lib/libc.so.6
malloc_set_state@GLIBC_2.4                        /usr/arm-linux-gnueabi/lib/libc.so.6
malloc_stats                                      /usr/arm-linux-gnueabi/lib/libc.so.6
malloc_stats@@GLIBC_2.4                           /usr/arm-linux-gnueabi/lib/libc.so.6
malloc_stats@GLIBC_2.4                            /usr/arm-linux-gnueabi/lib/libc.so.6
malloc_trim                                       /usr/arm-linux-gnueabi/lib/libc.so.6
malloc_trim@@GLIBC_2.4                            /usr/arm-linux-gnueabi/lib/libc.so.6
malloc_trim@GLIBC_2.4                             /usr/arm-linux-gnueabi/lib/libc.so.6
malloc_usable_size                                /usr/arm-linux-gnueabi/lib/libc.so.6
malloc_usable_size@@GLIBC_2.4                     /usr/arm-linux-gnueabi/lib/libc.so.6
malloc_usable_size@GLIBC_2.4                      /usr/arm-linux-gnueabi/lib/libc.so.6
mallopt                                           /usr/arm-linux-gnueabi/lib/libc.so.6
mallopt@@GLIBC_2.4                                /usr/arm-linux-gnueabi/lib/libc.so.6
mallopt@GLIBC_2.4                                 /usr/arm-linux-gnueabi/lib/libc.so.6
mbrlen                                            /usr/arm-linux-gnueabi/lib/libc.so.6
mbrlen@@GLIBC_2.4                                 /usr/arm-linux-gnueabi/lib/libc.so.6
mbrlen@GLIBC_2.4                                  /usr/arm-linux-gnueabi/lib/libc.so.6
mbrtowc                                           /usr/arm-linux-gnueabi/lib/libc.so.6
mbrtowc@@GLIBC_2.4                                /usr/arm-linux-gnueabi/lib/libc.so.6
mbrtowc@GLIBC_2.4                                 /usr/arm-linux-gnueabi/lib/libc.so.6
mbsinit                                           /usr/arm-linux-gnueabi/lib/libc.so.6
mbsinit@@GLIBC_2.4                                /usr/arm-linux-gnueabi/lib/libc.so.6
mbsinit@GLIBC_2.4                                 /usr/arm-linux-gnueabi/lib/libc.so.6
mbsnrtowcs                                        /usr/arm-linux-gnueabi/lib/libc.so.6
mbsnrtowcs@@GLIBC_2.4                             /usr/arm-linux-gnueabi/lib/libc.so.6
mbsnrtowcs@GLIBC_2.4                              /usr/arm-linux-gnueabi/lib/libc.so.6
mbsrtowcs                                         /usr/arm-linux-gnueabi/lib/libc.so.6
mbsrtowcs@@GLIBC_2.4                              /usr/arm-linux-gnueabi/lib/libc.so.6
mbsrtowcs@GLIBC_2.4                               /usr/arm-linux-gnueabi/lib/libc.so.6
mcount                                            /usr/arm-linux-gnueabi/lib/libc.so.6
mcount@@GLIBC_2.4                                 /usr/arm-linux-gnueabi/lib/libc.so.6
mcount@GLIBC_2.4                                  /usr/arm-linux-gnueabi/lib/libc.so.6
memalign                                          /usr/arm-linux-gnueabi/lib/libc.so.6
memalign@@GLIBC_2.4                               /usr/arm-linux-gnueabi/lib/libc.so.6